Component: ARM Compiler 5.06 update 7 (build 960) Tool: armlink [4d3601]

==============================================================================

Section Cross References

    startup_stm32f407xx.o(STACK) refers (Special) to heapauxi.o(.text) for __use_two_region_memory
    startup_stm32f407xx.o(HEAP) refers (Special) to heapauxi.o(.text) for __use_two_region_memory
    startup_stm32f407xx.o(RESET) refers (Special) to heapauxi.o(.text) for __use_two_region_memory
    startup_stm32f407xx.o(RESET) refers to startup_stm32f407xx.o(STACK) for __initial_sp
    startup_stm32f407xx.o(RESET) refers to startup_stm32f407xx.o(.text) for Reset_Handler
    startup_stm32f407xx.o(RESET) refers to stm32f4xx_it.o(i.NMI_Handler) for NMI_Handler
    startup_stm32f407xx.o(RESET) refers to stm32f4xx_it.o(i.HardFault_Handler) for HardFault_Handler
    startup_stm32f407xx.o(RESET) refers to stm32f4xx_it.o(i.MemManage_Handler) for MemManage_Handler
    startup_stm32f407xx.o(RESET) refers to stm32f4xx_it.o(i.BusFault_Handler) for BusFault_Handler
    startup_stm32f407xx.o(RESET) refers to stm32f4xx_it.o(i.UsageFault_Handler) for UsageFault_Handler
    startup_stm32f407xx.o(RESET) refers to port.o(.emb_text) for SVC_Handler
    startup_stm32f407xx.o(RESET) refers to stm32f4xx_it.o(i.DebugMon_Handler) for DebugMon_Handler
    startup_stm32f407xx.o(RESET) refers to cmsis_os2.o(i.SysTick_Handler) for SysTick_Handler
    startup_stm32f407xx.o(RESET) refers to stm32f4xx_it.o(i.I2C1_EV_IRQHandler) for I2C1_EV_IRQHandler
    startup_stm32f407xx.o(RESET) refers to stm32f4xx_it.o(i.I2C1_ER_IRQHandler) for I2C1_ER_IRQHandler
    startup_stm32f407xx.o(RESET) refers to stm32f4xx_it.o(i.USART1_IRQHandler) for USART1_IRQHandler
    startup_stm32f407xx.o(RESET) refers to stm32f4xx_it.o(i.TIM6_DAC_IRQHandler) for TIM6_DAC_IRQHandler
    startup_stm32f407xx.o(RESET) refers to stm32f4xx_it.o(i.TIM7_IRQHandler) for TIM7_IRQHandler
    startup_stm32f407xx.o(.text) refers (Special) to heapauxi.o(.text) for __use_two_region_memory
    startup_stm32f407xx.o(.text) refers to system_stm32f4xx.o(i.SystemInit) for SystemInit
    startup_stm32f407xx.o(.text) refers to __main.o(!!!main) for __main
    startup_stm32f407xx.o(.text) refers to startup_stm32f407xx.o(HEAP) for Heap_Mem
    startup_stm32f407xx.o(.text) refers to startup_stm32f407xx.o(STACK) for Stack_Mem
    main.o(i.HAL_TIM_PeriodElapsedCallback) refers to stm32f4xx_hal.o(i.HAL_IncTick) for HAL_IncTick
    main.o(i.SystemClock_Config) refers to rt_memclr_w.o(.text) for __aeabi_memclr4
    main.o(i.SystemClock_Config) refers to stm32f4xx_hal_rcc.o(i.HAL_RCC_OscConfig) for HAL_RCC_OscConfig
    main.o(i.SystemClock_Config) refers to stm32f4xx_hal_rcc.o(i.HAL_RCC_ClockConfig) for HAL_RCC_ClockConfig
    main.o(i.main) refers to stm32f4xx_hal.o(i.HAL_Init) for HAL_Init
    main.o(i.main) refers to main.o(i.SystemClock_Config) for SystemClock_Config
    main.o(i.main) refers to gpio.o(i.MX_GPIO_Init) for MX_GPIO_Init
    main.o(i.main) refers to tim.o(i.MX_TIM2_Init) for MX_TIM2_Init
    main.o(i.main) refers to tim.o(i.MX_TIM4_Init) for MX_TIM4_Init
    main.o(i.main) refers to tim.o(i.MX_TIM6_Init) for MX_TIM6_Init
    main.o(i.main) refers to tim.o(i.MX_TIM1_Init) for MX_TIM1_Init
    main.o(i.main) refers to i2c.o(i.MX_I2C1_Init) for MX_I2C1_Init
    main.o(i.main) refers to usart.o(i.MX_USART1_UART_Init) for MX_USART1_UART_Init
    main.o(i.main) refers to stm32f4xx_hal_tim.o(i.HAL_TIM_PWM_Start) for HAL_TIM_PWM_Start
    main.o(i.main) refers to stm32f4xx_hal_tim.o(i.HAL_TIM_Base_Start_IT) for HAL_TIM_Base_Start_IT
    main.o(i.main) refers to motor.o(i.PID_Init) for PID_Init
    main.o(i.main) refers to stm32f4xx_hal_gpio.o(i.HAL_GPIO_WritePin) for HAL_GPIO_WritePin
    main.o(i.main) refers to mpu6050.o(i.MPU6050_Init) for MPU6050_Init
    main.o(i.main) refers to lu9685.o(i.LU9685_SoftReset) for LU9685_SoftReset
    main.o(i.main) refers to stm32f4xx_hal.o(i.HAL_Delay) for HAL_Delay
    main.o(i.main) refers to mpu6050.o(i.MPU6050_Calibrate) for MPU6050_Calibrate
    main.o(i.main) refers to cmsis_os2.o(i.osKernelInitialize) for osKernelInitialize
    main.o(i.main) refers to freertos.o(i.MX_FREERTOS_Init) for MX_FREERTOS_Init
    main.o(i.main) refers to cmsis_os2.o(i.osKernelStart) for osKernelStart
    main.o(i.main) refers to tim.o(.bss) for htim2
    main.o(i.main) refers to motor.o(.bss) for pidLeft
    main.o(i.main) refers to motor.o(.data) for leftTargetRpm
    main.o(i.main) refers to usart.o(.bss) for huart1
    gpio.o(i.MX_GPIO_Init) refers to rt_memclr_w.o(.text) for __aeabi_memclr4
    gpio.o(i.MX_GPIO_Init) refers to stm32f4xx_hal_gpio.o(i.HAL_GPIO_WritePin) for HAL_GPIO_WritePin
    gpio.o(i.MX_GPIO_Init) refers to stm32f4xx_hal_gpio.o(i.HAL_GPIO_Init) for HAL_GPIO_Init
    freertos.o(i.MX_FREERTOS_Init) refers to cmsis_os2.o(i.osThreadNew) for osThreadNew
    freertos.o(i.MX_FREERTOS_Init) refers to freertos.o(.constdata) for .constdata
[...]
    xIdleTaskHandle                          0x20000048   Data           4  tasks.o(.data)
    uxSchedulerSuspended                     0x2000004c   Data           4  tasks.o(.data)
    pxDelayedTaskList                        0x20000050   Data           4  tasks.o(.data)
    pxOverflowDelayedTaskList                0x20000054   Data           4  tasks.o(.data)
    .data                                    0x20000058   Section       20  timers.o(.data)
    xTimerQueue                              0x20000058   Data           4  timers.o(.data)
    xTimerTaskHandle                         0x2000005c   Data           4  timers.o(.data)
    xLastTime                                0x20000060   Data           4  timers.o(.data)
    pxCurrentTimerList                       0x20000064   Data           4  timers.o(.data)
    pxOverflowTimerList                      0x20000068   Data           4  timers.o(.data)
    .data                                    0x2000006c   Section        4  cmsis_os2.o(.data)
    KernelState                              0x2000006c   Data           4  cmsis_os2.o(.data)
    .data                                    0x20000070   Section       32  heap_4.o(.data)
    pxEnd                                    0x20000070   Data           4  heap_4.o(.data)
    xFreeBytesRemaining                      0x20000074   Data           4  heap_4.o(.data)
    xMinimumEverFreeBytesRemaining           0x20000078   Data           4  heap_4.o(.data)
    xNumberOfSuccessfulAllocations           0x2000007c   Data           4  heap_4.o(.data)
    xNumberOfSuccessfulFrees                 0x20000080   Data           4  heap_4.o(.data)
    xBlockAllocatedBit                       0x20000084   Data           4  heap_4.o(.data)
    xStart                                   0x20000088   Data           8  heap_4.o(.data)
    .data                                    0x20000090   Section       12  port.o(.data)
    ucMaxSysCallPriority                     0x20000090   Data           1  port.o(.data)
    uxCriticalNesting                        0x20000094   Data           4  port.o(.data)
    ulMaxPRIGROUPValue                       0x20000098   Data           4  port.o(.data)
    .data                                    0x2000009c   Section       32  motor.o(.data)
    .data                                    0x200000bc   Section       60  mpu6050.o(.data)
    .bss                                     0x200000f8   Section       84  i2c.o(.bss)
    .bss                                     0x2000014c   Section      288  tim.o(.bss)
    .bss                                     0x2000026c   Section       72  usart.o(.bss)
    .bss                                     0x200002b4   Section       72  stm32f4xx_hal_timebase_tim.o(.bss)
    .bss                                     0x200002fc   Section       64  queue.o(.bss)
    .bss                                     0x2000033c   Section     1220  tasks.o(.bss)
    pxReadyTasksLists                        0x2000033c   Data        1120  tasks.o(.bss)
    xDelayedTaskList1                        0x2000079c   Data          20  tasks.o(.bss)
    xDelayedTaskList2                        0x200007b0   Data          20  tasks.o(.bss)
    xPendingReadyList                        0x200007c4   Data          20  tasks.o(.bss)
    xTasksWaitingTermination                 0x200007d8   Data          20  tasks.o(.bss)
    xSuspendedTaskList                       0x200007ec   Data          20  tasks.o(.bss)
    .bss                                     0x20000800   Section      280  timers.o(.bss)
    xStaticTimerQueue                        0x20000800   Data          80  timers.o(.bss)
    ucStaticTimerQueueStorage                0x20000850   Data         160  timers.o(.bss)
    xActiveTimerList1                        0x200008f0   Data          20  timers.o(.bss)
    xActiveTimerList2                        0x20000904   Data          20  timers.o(.bss)
    .bss                                     0x20000918   Section     1720  cmsis_os2.o(.bss)
    Idle_TCB                                 0x20000918   Data          92  cmsis_os2.o(.bss)
    Idle_Stack                               0x20000974   Data         512  cmsis_os2.o(.bss)
    Timer_TCB                                0x20000b74   Data          92  cmsis_os2.o(.bss)
    Timer_Stack                              0x20000bd0   Data        1024  cmsis_os2.o(.bss)
    .bss                                     0x20000fd0   Section    15360  heap_4.o(.bss)
    ucHeap                                   0x20000fd0   Data       15360  heap_4.o(.bss)
    .bss                                     0x20004bd0   Section      156  motor.o(.bss)
    .bss                                     0x20004c6c   Section       96  libspace.o(.bss)
    HEAP                                     0x20004cd0   Section      512  startup_stm32f407xx.o(HEAP)
    Heap_Mem                                 0x20004cd0   Data         512  startup_stm32f407xx.o(HEAP)
    STACK                                    0x20004ed0   Section     1024  startup_stm32f407xx.o(STACK)
    Stack_Mem                                0x20004ed0   Data        1024  startup_stm32f407xx.o(STACK)
    __initial_sp                             0x200052d0   Data           0  startup_stm32f407xx.o(STACK)

    Global Symbols

    Symbol Name                              Value     Ov Type        Size  Object(Section)

    BuildAttributes$$THM_ISAv4$E$P$D$K$B$S$7EM$VFPi3$EXTD16$VFPS$VFMA$PE$A:L22UL41UL21$X:L11$S22US41US21$IEEE1$IW$USESV6$~STKCKD$USESV7$~SHL$OTIME$ROPI$IEEEX$EBA8$UX$STANDARDLIB$REQ8$PRES8$EABIv2 0x00000000   Number         0  anon$$obj.o ABSOLUTE
    __ARM_use_no_argv                        0x00000000   Number         0  main.o ABSOLUTE
    __ARM_exceptions_init                     - Undefined Weak Reference
    __alloca_initialize                       - Undefined Weak Reference
    __arm_fini_                               - Undefined Weak Reference
    __arm_preinit_                            - Undefined Weak Reference
    __cpp_initialize__aeabi_                  - Undefined Weak Reference
    __cxa_finalize                            - Undefined Weak Reference
    __rt_locale                               - Undefined Weak Reference
    __sigvec_lookup                           - Undefined Weak Reference
    _atexit_init                              - Undefined Weak Reference
    _call_atexit_fns                          - Undefined Weak Reference
    _clock_init                               - Undefined Weak Reference
    _fp_trap_init                             - Undefined Weak Reference
    _fp_trap_shutdown                         - Undefined Weak Reference
    _get_lc_collate                           - Undefined Weak Reference
    _get_lc_ctype                             - Undefined Weak Reference
    _get_lc_monetary                          - Undefined Weak Reference
    _get_lc_numeric                           - Undefined Weak Reference
    _get_lc_time                              - Undefined Weak Reference
    _getenv_init                              - Undefined Weak Reference
    _handle_redirection                       - Undefined Weak Reference
    _init_alloc                               - Undefined Weak Reference
    _init_user_alloc                          - Undefined Weak Reference
    _initio                                   - Undefined Weak Reference
    _rand_init                                - Undefined Weak Reference
    _signal_finish                            - Undefined Weak Reference
    _signal_init                              - Undefined Weak Reference
    _terminate_alloc                          - Undefined Weak Reference
    _terminate_user_alloc                     - Undefined Weak Reference
    _terminateio                              - Undefined Weak Reference
    __Vectors_Size                           0x00000188   Number         0  startup_stm32f407xx.o ABSOLUTE
    __Vectors                                0x08000000   Data           4  startup_stm32f407xx.o(RESET)
    __Vectors_End                            0x08000188   Data           0  startup_stm32f407xx.o(RESET)
    __main                                   0x08000189   Thumb Code     8  __main.o(!!!main)
    __scatterload                            0x08000191   Thumb Code     0  __scatter.o(!!!scatter)
    __scatterload_rt2                        0x08000191   Thumb Code    44  __scatter.o(!!!scatter)
    __scatterload_rt2_thumb_only             0x08000191   Thumb Code     0  __scatter.o(!!!scatter)
    __scatterload_null                       0x0800019f   Thumb Code     0  __scatter.o(!!!scatter)
    __scatterload_copy                       0x080001c5   Thumb Code    26  __scatter_copy.o(!!handler_copy)
    __scatterload_zeroinit                   0x080001e1   Thumb Code    28  __scatter_zi.o(!!handler_zi)
    __rt_lib_init                            0x080001fd   Thumb Code     0  libinit.o(.ARM.Collect$$libinit$$00000000)
    __rt_lib_init_fp_1                       0x080001ff   Thumb Code     0  libinit2.o(.ARM.Collect$$libinit$$00000001)
    __rt_lib_init_alloca_1                   0x08000203   Thumb Code     0  libinit2.o(.ARM.Collect$$libinit$$0000002E)
    __rt_lib_init_argv_1                     0x08000203   Thumb Code     0  libinit2.o(.ARM.Collect$$libinit$$0000002C)
    __rt_lib_init_atexit_1                   0x08000203   Thumb Code     0  libinit2.o(.ARM.Collect$$libinit$$0000001B)
    __rt_lib_init_clock_1                    0x08000203   Thumb Code     0  libinit2.o(.ARM.Collect$$libinit$$00000021)
    __rt_lib_init_cpp_1                      0x08000203   Thumb Code     0  libinit2.o(.ARM.Collect$$libinit$$00000032)
    __rt_lib_init_exceptions_1               0x08000203   Thumb Code     0  libinit2.o(.ARM.Collect$$libinit$$00000030)
    __rt_lib_init_fp_trap_1                  0x08000203   Thumb Code     0  libinit2.o(.ARM.Collect$$libinit$$0000001F)
    __rt_lib_init_getenv_1                   0x08000203   Thumb Code     0  libinit2.o(.ARM.Collect$$libinit$$00000023)
    __rt_lib_init_heap_1                     0x08000203   Thumb Code     0  libinit2.o(.ARM.Collect$$libinit$$0000000A)
    __rt_lib_init_lc_collate_1               0x08000203   Thumb Code     0  libinit2.o(.ARM.Collect$$libinit$$00000011)
    __rt_lib_init_lc_ctype_1                 0x08000203   Thumb Code     0  libinit2.o(.ARM.Collect$$libinit$$00000013)
    __rt_lib_init_lc_monetary_1              0x08000203   Thumb Code     0  libinit2.o(.ARM.Collect$$libinit$$00000015)
    __rt_lib_init_lc_numeric_1               0x08000203   Thumb Code     0  libinit2.o(.ARM.Collect$$libinit$$00000017)
    __rt_lib_init_lc_time_1                  0x08000203   Thumb Code     0  libinit2.o(.ARM.Collect$$libinit$$00000019)
    __rt_lib_init_preinit_1                  0x08000203   Thumb Code     0  libinit2.o(.ARM.Collect$$libinit$$00000004)
    __rt_lib_init_rand_1                     0x08000203   Thumb Code     0  libinit2.o(.ARM.Collect$$libinit$$0000000E)
    __rt_lib_init_return                     0x08000203   Thumb Code     0  libinit2.o(.ARM.Collect$$libinit$$00000033)
    __rt_lib_init_signal_1                   0x08000203   Thumb Code     0  libinit2.o(.ARM.Collect$$libinit$$0000001D)
    __rt_lib_init_stdio_1                    0x08000203   Thumb Code     0  libinit2.o(.ARM.Collect$$libinit$$00000025)
    __rt_lib_init_user_alloc_1               0x08000203   Thumb Code     0  libinit2.o(.ARM.Collect$$libinit$$0000000C)
    __rt_lib_shutdown                        0x08000205   Thumb Code     0  libshutdown.o(.ARM.Collect$$libshutdown$$00000000)
    __rt_lib_shutdown_cpp_1                  0x08000207   Thumb Code     0  libshutdown2.o(.ARM.Collect$$libshutdown$$00000004)
    __rt_lib_shutdown_fini_1                 0x08000207   Thumb Code     0  libshutdown2.o(.ARM.Collect$$libshutdown$$00000002)
    __rt_lib_shutdown_fp_trap_1              0x08000207   Thumb Code     0  libshutdown2.o(.ARM.Collect$$libshutdown$$00000009)
    __rt_lib_shutdown_heap_1                 0x08000207   Thumb Code     0  libshutdown2.o(.ARM.Collect$$libshutdown$$00000011)
    __rt_lib_shutdown_return                 0x08000207   Thumb Code     0  libshutdown2.o(.ARM.Collect$$libshutdown$$00000012)
    __rt_lib_shutdown_signal_1               0x08000207   Thumb Code     0  libshutdown2.o(.ARM.Collect$$libshutdown$$0000000C)
    __rt_lib_shutdown_stdio_1                0x08000207   Thumb Code     0  libshutdown2.o(.ARM.Collect$$libshutdown$$00000006)
    __rt_lib_shutdown_user_alloc_1           0x08000207   Thumb Code     0  libshutdown2.o(.ARM.Collect$$libshutdown$$0000000E)
    __rt_entry                               0x08000209   Thumb Code     0  __rtentry.o(.ARM.Collect$$rtentry$$00000000)
    __rt_entry_presh_1                       0x08000209   Thumb Code     0  __rtentry2.o(.ARM.Collect$$rtentry$$00000002)
    __rt_entry_sh                            0x08000209   Thumb Code     0  __rtentry4.o(.ARM.Collect$$rtentry$$00000004)
    __rt_entry_li                            0x0800020f   Thumb Code     0  __rtentry2.o(.ARM.Collect$$rtentry$$0000000A)
    __rt_entry_postsh_1                      0x0800020f   Thumb Code     0  __rtentry2.o(.ARM.Collect$$rtentry$$00000009)
    __rt_entry_main                          0x08000213   Thumb Code     0  __rtentry2.o(.ARM.Collect$$rtentry$$0000000D)
    __rt_entry_postli_1                      0x08000213   Thumb Code     0  __rtentry2.o(.ARM.Collect$$rtentry$$0000000C)
    __rt_exit                                0x0800021b   Thumb Code     0  rtexit.o(.ARM.Collect$$rtexit$$00000000)
    __rt_exit_ls                             0x0800021d   Thumb Code     0  rtexit2.o(.ARM.Collect$$rtexit$$00000003)
    __rt_exit_prels_1                        0x0800021d   Thumb Code     0  rtexit2.o(.ARM.Collect$$rtexit$$00000002)
    __rt_exit_exit                           0x08000221   Thumb Code     0  rtexit2.o(.ARM.Collect$$rtexit$$00000004)
    SVC_Handler                              0x08000229   Thumb Code    28  port.o(.emb_text)
    __asm___6_port_c_39a90d8d__prvStartFirstTask 0x08000249   Thumb Code    36  port.o(.emb_text)
    __asm___6_port_c_39a90d8d__prvEnableVFP  0x08000271   Thumb Code    16  port.o(.emb_text)
    PendSV_Handler                           0x08000285   Thumb Code    88  port.o(.emb_text)
    vPortGetIPSR                             0x080002e1   Thumb Code     6  port.o(.emb_text)
    Reset_Handler                            0x080002e9   Thumb Code     8  startup_stm32f407xx.o(.text)
    ADC_IRQHandler                           0x08000303   Thumb Code     0  startup_stm32f407xx.o(.text)
    CAN1_RX0_IRQHandler                      0x08000303   Thumb Code     0  startup_stm32f407xx.o(.text)
    CAN1_RX1_IRQHandler                      0x08000303   Thumb Code     0  startup_stm32f407xx.o(.text)
    CAN1_SCE_IRQHandler                      0x08000303   Thumb Code     0  startup_stm32f407xx.o(.text)
    CAN1_TX_IRQHandler                       0x08000303   Thumb Code     0  startup_stm32f407xx.o(.text)
    CAN2_RX0_IRQHandler                      0x08000303   Thumb Code     0  startup_stm32f407xx.o(.text)
    CAN2_RX1_IRQHandler                      0x08000303   Thumb Code     0  startup_stm32f407xx.o(.text)
    CAN2_SCE_IRQHandler                      0x08000303   Thumb Code     0  startup_stm32f407xx.o(.text)
    CAN2_TX_IRQHandler                       0x08000303   Thumb Code     0  startup_stm32f407xx.o(.text)
    DCMI_IRQHandler                          0x08000303   Thumb Code     0  startup_stm32f407xx.o(.text)
    DMA1_Stream0_IRQHandler                  0x08000303   Thumb Code     0  startup_stm32f407xx.o(.text)
    DMA1_Stream1_IRQHandler                  0x08000303   Thumb Code     0  startup_stm32f407xx.o(.text)
    DMA1_Stream2_IRQHandler                  0x08000303   Thumb Code     0  startup_stm32f407xx.o(.text)
    DMA1_Stream3_IRQHandler                  0x08000303   Thumb Code     0  startup_stm32f407xx.o(.text)
    DMA1_Stream4_IRQHandler                  0x08000303   Thumb Code     0  startup_stm32f407xx.o(.text)
    DMA1_Stream5_IRQHandler                  0x08000303   Thumb Code     0  startup_stm32f407xx.o(.text)
    DMA1_Stream6_IRQHandler                  0x08000303   Thumb Code     0  startup_stm32f407xx.o(.text)
    DMA1_Stream7_IRQHandler                  0x08000303   Thumb Code     0  startup_stm32f407xx.o(.text)
    DMA2_Stream0_IRQHandler                  0x08000303   Thumb Code     0  startup_stm32f407xx.o(.text)
    DMA2_Stream1_IRQHandler                  0x08000303   Thumb Code     0  startup_stm32f407xx.o(.text)
    DMA2_Stream2_IRQHandler                  0x08000303   Thumb Code     0  startup_stm32f407xx.o(.text)
    DMA2_Stream3_IRQHandler                  0x08000303   Thumb Code     0  startup_stm32f407xx.o(.text)
    DMA2_Stream4_IRQHandler                  0x08000303   Thumb Code     0  startup_stm32f407xx.o(.text)
    DMA2_Stream5_IRQHandler                  0x08000303   Thumb Code     0  startup_stm32f407xx.o(.text)
    DMA2_Stream6_IRQHandler                  0x08000303   Thumb Code     0  startup_stm32f407xx.o(.text)
    DMA2_Stream7_IRQHandler                  0x08000303   Thumb Code     0  startup_stm32f407xx.o(.text)
    ETH_IRQHandler                           0x08000303   Thumb Code     0  startup_stm32f407xx.o(.text)
    ETH_WKUP_IRQHandler                      0x08000303   Thumb Code     0  startup_stm32f407xx.o(.text)
    EXTI0_IRQHandler                         0x08000303   Thumb Code     0  startup_stm32f407xx.o(.text)
    EXTI15_10_IRQHandler                     0x08000303   Thumb Code     0  startup_stm32f407xx.o(.text)
    EXTI1_IRQHandler                         0x08000303   Thumb Code     0  startup_stm32f407xx.o(.text)
    EXTI2_IRQHandler                         0x08000303   Thumb Code     0  startup_stm32f407xx.o(.text)
    EXTI3_IRQHandler                         0x08000303   Thumb Code     0  startup_stm32f407xx.o(.text)
    EXTI4_IRQHandler                         0x08000303   Thumb Code     0  startup_stm32f407xx.o(.text)
    EXTI9_5_IRQHandler                       0x08000303   Thumb Code     0  startup_stm32f407xx.o(.text)
    FLASH_IRQHandler                         0x08000303   Thumb Code     0  startup_stm32f407xx.o(.text)
    FMC_IRQHandler                           0x08000303   Thumb Code     0  startup_stm32f407xx.o(.text)
    FPU_IRQHandler                           0x08000303   Thumb Code     0  startup_stm32f407xx.o(.text)
    HASH_RNG_IRQHandler                      0x08000303   Thumb Code     0  startup_stm32f407xx.o(.text)
    I2C2_ER_IRQHandler                       0x08000303   Thumb Code     0  startup_stm32f407xx.o(.text)
    I2C2_EV_IRQHandler                       0x08000303   Thumb Code     0  startup_stm32f407xx.o(.text)
    I2C3_ER_IRQHandler                       0x08000303   Thumb Code     0  startup_stm32f407xx.o(.text)
    I2C3_EV_IRQHandler                       0x08000303   Thumb Code     0  startup_stm32f407xx.o(.text)
    OTG_FS_IRQHandler                        0x08000303   Thumb Code     0  startup_stm32f407xx.o(.text)
    OTG_FS_WKUP_IRQHandler                   0x08000303   Thumb Code     0  startup_stm32f407xx.o(.text)
    OTG_HS_EP1_IN_IRQHandler                 0x08000303   Thumb Code     0  startup_stm32f407xx.o(.text)
    OTG_HS_EP1_OUT_IRQHandler                0x08000303   Thumb Code     0  startup_stm32f407xx.o(.text)
    OTG_HS_IRQHandler                        0x08000303   Thumb Code     0  startup_stm32f407xx.o(.text)
    OTG_HS_WKUP_IRQHandler                   0x08000303   Thumb Code     0  startup_stm32f407xx.o(.text)
    PVD_IRQHandler                           0x08000303   Thumb Code     0  startup_stm32f407xx.o(.text)
    RCC_IRQHandler                           0x08000303   Thumb Code     0  startup_stm32f407xx.o(.text)
    RTC_Alarm_IRQHandler                     0x08000303   Thumb Code     0  startup_stm32f407xx.o(.text)
    RTC_WKUP_IRQHandler                      0x08000303   Thumb Code     0  startup_stm32f407xx.o(.text)
    SDIO_IRQHandler                          0x08000303   Thumb Code     0  startup_stm32f407xx.o(.text)
    SPI1_IRQHandler                          0x08000303   Thumb Code     0  startup_stm32f407xx.o(.text)
    SPI2_IRQHandler                          0x08000303   Thumb Code     0  startup_stm32f407xx.o(.text)
    SPI3_IRQHandler                          0x08000303   Thumb Code     0  startup_stm32f407xx.o(.text)
    TAMP_STAMP_IRQHandler                    0x08000303   Thumb Code     0  startup_stm32f407xx.o(.text)
    TIM1_BRK_TIM9_IRQHandler                 0x08000303   Thumb Code     0  startup_stm32f407xx.o(.text)
    TIM1_CC_IRQHandler                       0x08000303   Thumb Code     0  startup_stm32f407xx.o(.text)
    TIM1_TRG_COM_TIM11_IRQHandler            0x08000303   Thumb Code     0  startup_stm32f407xx.o(.text)
    TIM1_UP_TIM10_IRQHandler                 0x08000303   Thumb Code     0  startup_stm32f407xx.o(.text)
    TIM2_IRQHandler                          0x08000303   Thumb Code     0  startup_stm32f407xx.o(.text)
    TIM3_IRQHandler                          0x08000303   Thumb Code     0  startup_stm32f407xx.o(.text)
    TIM4_IRQHandler                          0x08000303   Thumb Code     0  startup_stm32f407xx.o(.text)
    TIM5_IRQHandler                          0x08000303   Thumb Code     0  startup_stm32f407xx.o(.text)
    TIM8_BRK_TIM12_IRQHandler                0x08000303   Thumb Code     0  startup_stm32f407xx.o(.text)
    TIM8_CC_IRQHandler                       0x08000303   Thumb Code     0  startup_stm32f407xx.o(.text)
    TIM8_TRG_COM_TIM14_IRQHandler            0x08000303   Thumb Code     0  startup_stm32f407xx.o(.text)
    TIM8_UP_TIM13_IRQHandler                 0x08000303   Thumb Code     0  startup_stm32f407xx.o(.text)
    UART4_IRQHandler                         0x08000303   Thumb Code     0  startup_stm32f407xx.o(.text)
    UART5_IRQHandler                         0x08000303   Thumb Code     0  startup_stm32f407xx.o(.text)
    USART2_IRQHandler                        0x08000303   Thumb Code     0  startup_stm32f407xx.o(.text)
    USART3_IRQHandler                        0x08000303   Thumb Code     0  startup_stm32f407xx.o(.text)
    USART6_IRQHandler                        0x08000303   Thumb Code     0  startup_stm32f407xx.o(.text)
    WWDG_IRQHandler                          0x08000303   Thumb Code     0  startup_stm32f407xx.o(.text)
    __user_initial_stackheap                 0x08000305   Thumb Code     0  startup_stm32f407xx.o(.text)
    __aeabi_uldivmod                         0x08000329   Thumb Code     0  lludivv7m.o(.text)
    _ll_udiv                                 0x08000329   Thumb Code   238  lludivv7m.o(.text)
    __aeabi_memcpy                           0x08000417   Thumb Code     0  rt_memcpy_v6.o(.text)
    __rt_memcpy                              0x08000417   Thumb Code   138  rt_memcpy_v6.o(.text)
    _memcpy_lastbytes                        0x0800047d   Thumb Code     0  rt_memcpy_v6.o(.text)
    __aeabi_memset                           0x080004a1   Thumb Code    16  aeabi_memset.o(.text)
    __aeabi_memclr4                          0x080004b1   Thumb Code     0  rt_memclr_w.o(.text)
    __aeabi_memclr8                          0x080004b1   Thumb Code     0  rt_memclr_w.o(.text)
    __rt_memclr_w                            0x080004b1   Thumb Code    78  rt_memclr_w.o(.text)
    _memset_w                                0x080004b5   Thumb Code     0  rt_memclr_w.o(.text)
    __use_two_region_memory                  0x080004ff   Thumb Code     2  heapauxi.o(.text)
    __rt_heap_escrow$2region                 0x08000501   Thumb Code     2  heapauxi.o(.text)
    __rt_heap_expand$2region                 0x08000503   Thumb Code     2  heapauxi.o(.text)
    __read_errno                             0x08000505   Thumb Code    10  _rserrno.o(.text)
    __set_errno                              0x0800050f   Thumb Code    12  _rserrno.o(.text)
    __aeabi_memcpy4                          0x0800051b   Thumb Code     0  rt_memcpy_w.o(.text)
    __aeabi_memcpy8                          0x0800051b   Thumb Code     0  rt_memcpy_w.o(.text)
    __rt_memcpy_w                            0x0800051b   Thumb Code   100  rt_memcpy_w.o(.text)
    _memcpy_lastbytes_aligned                0x08000563   Thumb Code     0  rt_memcpy_w.o(.text)
    __aeabi_memclr                           0x0800057f   Thumb Code     0  rt_memclr.o(.text)
    __rt_memclr                              0x0800057f   Thumb Code    68  rt_memclr.o(.text)
    _memset                                  0x08000583   Thumb Code     0  rt_memclr.o(.text)
    __aeabi_errno_addr                       0x080005c5   Thumb Code     8  rt_errno_addr_intlibspace.o(.text)
    __errno$intlibspace                      0x080005c5   Thumb Code     0  rt_errno_addr_intlibspace.o(.text)
    __rt_errno_addr$intlibspace              0x080005c5   Thumb Code     0  rt_errno_addr_intlibspace.o(.text)
    __user_libspace                          0x080005cd   Thumb Code     8  libspace.o(.text)
    __user_perproc_libspace                  0x080005cd   Thumb Code     0  libspace.o(.text)
    __user_perthread_libspace                0x080005cd   Thumb Code     0  libspace.o(.text)
    __user_setup_stackheap                   0x080005d5   Thumb Code    74  sys_stackheap_outer.o(.text)
    exit                                     0x0800061f   Thumb Code    18  exit.o(.text)
    _sys_exit                                0x08000631   Thumb Code     8  sys_exit.o(.text)
    __I$use$semihosting                      0x0800063d   Thumb Code     0  use_no_semi.o(.text)
    __use_no_semihosting_swi                 0x0800063d   Thumb Code     2  use_no_semi.o(.text)
    BusFault_Handler                         0x0800063f   Thumb Code     2  stm32f4xx_it.o(i.BusFault_Handler)
    __semihosting_library_function           0x0800063f   Thumb Code     0  indicate_semi.o(.text)
    Calculate_Motor_Speed                    0x08000641   Thumb Code    78  motor.o(i.Calculate_Motor_Speed)
    DebugMon_Handler                         0x080006a9   Thumb Code     2  stm32f4xx_it.o(i.DebugMon_Handler)
    Error_Handler                            0x080006ab   Thumb Code     4  main.o(i.Error_Handler)
    HAL_DMA_Abort                            0x080006af   Thumb Code   146  stm32f4xx_hal_dma.o(i.HAL_DMA_Abort)
    HAL_DMA_Abort_IT                         0x08000741   Thumb Code    36  stm32f4xx_hal_dma.o(i.HAL_DMA_Abort_IT)
    HAL_DMA_GetState                         0x08000765   Thumb Code     6  stm32f4xx_hal_dma.o(i.HAL_DMA_GetState)
    HAL_Delay                                0x0800076d   Thumb Code    32  stm32f4xx_hal.o(i.HAL_Delay)
    HAL_GPIO_Init                            0x08000791   Thumb Code   450  stm32f4xx_hal_gpio.o(i.HAL_GPIO_Init)
    HAL_GPIO_WritePin                        0x08000981   Thumb Code    10  stm32f4xx_hal_gpio.o(i.HAL_GPIO_WritePin)
    HAL_GetTick                              0x0800098d   Thumb Code     6  stm32f4xx_hal.o(i.HAL_GetTick)
    HAL_I2C_AbortCpltCallback                0x08000999   Thumb Code     2  stm32f4xx_hal_i2c.o(i.HAL_I2C_AbortCpltCallback)
    HAL_I2C_AddrCallback                     0x0800099b   Thumb Code     2  stm32f4xx_hal_i2c.o(i.HAL_I2C_AddrCallback)
    HAL_I2C_ER_IRQHandler                    0x0800099d   Thumb Code   186  stm32f4xx_hal_i2c.o(i.HAL_I2C_ER_IRQHandler)
    HAL_I2C_EV_IRQHandler                    0x08000a57   Thumb Code   560  stm32f4xx_hal_i2c.o(i.HAL_I2C_EV_IRQHandler)
    HAL_I2C_ErrorCallback                    0x08000c87   Thumb Code     2  stm32f4xx_hal_i2c.o(i.HAL_I2C_ErrorCallback)
    HAL_I2C_Init                             0x08000c89   Thumb Code   376  stm32f4xx_hal_i2c.o(i.HAL_I2C_Init)
    HAL_I2C_ListenCpltCallback               0x08000e11   Thumb Code     2  stm32f4xx_hal_i2c.o(i.HAL_I2C_ListenCpltCallback)
    HAL_I2C_MasterRxCpltCallback             0x08000e13   Thumb Code     2  stm32f4xx_hal_i2c.o(i.HAL_I2C_MasterRxCpltCallback)
    HAL_I2C_MasterTxCpltCallback             0x08000e15   Thumb Code     2  stm32f4xx_hal_i2c.o(i.HAL_I2C_MasterTxCpltCallback)
    HAL_I2C_MemRxCpltCallback                0x08000e17   Thumb Code     2  stm32f4xx_hal_i2c.o(i.HAL_I2C_MemRxCpltCallback)
    HAL_I2C_MemTxCpltCallback                0x08000e19   Thumb Code     2  stm32f4xx_hal_i2c.o(i.HAL_I2C_MemTxCpltCallback)
    HAL_I2C_Mem_Read                         0x08000e1d   Thumb Code   502  stm32f4xx_hal_i2c.o(i.HAL_I2C_Mem_Read)
    HAL_I2C_Mem_Write                        0x08001021   Thumb Code   294  stm32f4xx_hal_i2c.o(i.HAL_I2C_Mem_Write)
    HAL_I2C_MspInit                          0x08001151   Thumb Code   124  i2c.o(i.HAL_I2C_MspInit)
    HAL_I2C_SlaveRxCpltCallback              0x080011d9   Thumb Code     2  stm32f4xx_hal_i2c.o(i.HAL_I2C_SlaveRxCpltCallback)
    HAL_I2C_SlaveTxCpltCallback              0x080011db   Thumb Code     2  stm32f4xx_hal_i2c.o(i.HAL_I2C_SlaveTxCpltCallback)
    HAL_IncTick                              0x080011dd   Thumb Code    12  stm32f4xx_hal.o(i.HAL_IncTick)
    HAL_Init                                 0x080011ed   Thumb Code    48  stm32f4xx_hal.o(i.HAL_Init)
    HAL_InitTick                             0x08001221   Thumb Code   132  stm32f4xx_hal_timebase_tim.o(i.HAL_InitTick)
    HAL_MspInit                              0x080012b9   Thumb Code    52  stm32f4xx_hal_msp.o(i.HAL_MspInit)
    HAL_NVIC_EnableIRQ                       0x080012f1   Thumb Code    26  stm32f4xx_hal_cortex.o(i.HAL_NVIC_EnableIRQ)
    HAL_NVIC_SetPriority                     0x0800130d   Thumb Code    60  stm32f4xx_hal_cortex.o(i.HAL_NVIC_SetPriority)
    HAL_NVIC_SetPriorityGrouping             0x0800134d   Thumb Code    26  stm32f4xx_hal_cortex.o(i.HAL_NVIC_SetPriorityGrouping)
    HAL_RCC_ClockConfig                      0x08001371   Thumb Code   288  stm32f4xx_hal_rcc.o(i.HAL_RCC_ClockConfig)
    HAL_RCC_GetClockConfig                   0x080014a5   Thumb Code    54  stm32f4xx_hal_rcc.o(i.HAL_RCC_GetClockConfig)
    HAL_RCC_GetPCLK1Freq                     0x080014e5   Thumb Code    20  stm32f4xx_hal_rcc.o(i.HAL_RCC_GetPCLK1Freq)
    HAL_RCC_GetPCLK2Freq                     0x08001505   Thumb Code    20  stm32f4xx_hal_rcc.o(i.HAL_RCC_GetPCLK2Freq)
    HAL_RCC_GetSysClockFreq                  0x08001525   Thumb Code    88  stm32f4xx_hal_rcc.o(i.HAL_RCC_GetSysClockFreq)
    HAL_RCC_OscConfig                        0x08001589   Thumb Code   856  stm32f4xx_hal_rcc.o(i.HAL_RCC_OscConfig)
    HAL_TIMEx_BreakCallback                  0x080018f5   Thumb Code     2  stm32f4xx_hal_tim_ex.o(i.HAL_TIMEx_BreakCallback)
    HAL_TIMEx_CommutCallback                 0x080018f7   Thumb Code     2  stm32f4xx_hal_tim_ex.o(i.HAL_TIMEx_CommutCallback)
    HAL_TIMEx_ConfigBreakDeadTime            0x080018f9   Thumb Code    84  stm32f4xx_hal_tim_ex.o(i.HAL_TIMEx_ConfigBreakDeadTime)
    HAL_TIMEx_MasterConfigSynchronization    0x0800194d   Thumb Code   116  stm32f4xx_hal_tim_ex.o(i.HAL_TIMEx_MasterConfigSynchronization)
    HAL_TIM_Base_Init                        0x080019dd   Thumb Code    90  stm32f4xx_hal_tim.o(i.HAL_TIM_Base_Init)
    HAL_TIM_Base_MspInit                     0x08001a39   Thumb Code    50  tim.o(i.HAL_TIM_Base_MspInit)
    HAL_TIM_Base_Start_IT                    0x08001a75   Thumb Code   100  stm32f4xx_hal_tim.o(i.HAL_TIM_Base_Start_IT)
    HAL_TIM_Encoder_Init                     0x08001af5   Thumb Code   164  stm32f4xx_hal_tim.o(i.HAL_TIM_Encoder_Init)
    HAL_TIM_Encoder_MspInit                  0x08001b99   Thumb Code   148  tim.o(i.HAL_TIM_Encoder_MspInit)
    HAL_TIM_IC_CaptureCallback               0x08001c3d   Thumb Code     2  stm32f4xx_hal_tim.o(i.HAL_TIM_IC_CaptureCallback)
    HAL_TIM_IRQHandler                       0x08001c3f   Thumb Code   304  stm32f4xx_hal_tim.o(i.HAL_TIM_IRQHandler)
    HAL_TIM_MspPostInit                      0x08001d71   Thumb Code    72  tim.o(i.HAL_TIM_MspPostInit)
    HAL_TIM_OC_DelayElapsedCallback          0x08001dc5   Thumb Code     2  stm32f4xx_hal_tim.o(i.HAL_TIM_OC_DelayElapsedCallback)
    HAL_TIM_PWM_ConfigChannel                0x08001dc7   Thumb Code   204  stm32f4xx_hal_tim.o(i.HAL_TIM_PWM_ConfigChannel)
    HAL_TIM_PWM_Init                         0x08001e93   Thumb Code    90  stm32f4xx_hal_tim.o(i.HAL_TIM_PWM_Init)
    HAL_TIM_PWM_MspInit                      0x08001eed   Thumb Code    30  tim.o(i.HAL_TIM_PWM_MspInit)
    HAL_TIM_PWM_PulseFinishedCallback        0x08001f15   Thumb Code     2  stm32f4xx_hal_tim.o(i.HAL_TIM_PWM_PulseFinishedCallback)
    HAL_TIM_PWM_Start                        0x08001f19   Thumb Code   172  stm32f4xx_hal_tim.o(i.HAL_TIM_PWM_Start)
    HAL_TIM_PeriodElapsedCallback            0x08001fe1   Thumb Code    14  main.o(i.HAL_TIM_PeriodElapsedCallback)
    HAL_TIM_TriggerCallback                  0x08001ff5   Thumb Code     2  stm32f4xx_hal_tim.o(i.HAL_TIM_TriggerCallback)
    HAL_UARTEx_RxEventCallback               0x08001ff7   Thumb Code     2  stm32f4xx_hal_uart.o(i.HAL_UARTEx_RxEventCallback)
    HAL_UART_ErrorCallback                   0x08001ff9   Thumb Code     2  stm32f4xx_hal_uart.o(i.HAL_UART_ErrorCallback)
    HAL_UART_IRQHandler                      0x08001ffd   Thumb Code   636  stm32f4xx_hal_uart.o(i.HAL_UART_IRQHandler)
    HAL_UART_Init                            0x0800227d   Thumb Code   100  stm32f4xx_hal_uart.o(i.HAL_UART_Init)
    HAL_UART_MspInit                         0x080022e1   Thumb Code   110  usart.o(i.HAL_UART_MspInit)
    HAL_UART_RxCpltCallback                  0x0800235d   Thumb Code     2  stm32f4xx_hal_uart.o(i.HAL_UART_RxCpltCallback)
    HAL_UART_Transmit                        0x0800235f   Thumb Code   160  stm32f4xx_hal_uart.o(i.HAL_UART_Transmit)
    HAL_UART_TxCpltCallback                  0x080023ff   Thumb Code     2  stm32f4xx_hal_uart.o(i.HAL_UART_TxCpltCallback)
    HardFault_Handler                        0x08002401   Thumb Code     2  stm32f4xx_it.o(i.HardFault_Handler)
    I2C1_ER_IRQHandler                       0x08002405   Thumb Code     6  stm32f4xx_it.o(i.I2C1_ER_IRQHandler)
    I2C1_EV_IRQHandler                       0x08002411   Thumb Code     6  stm32f4xx_it.o(i.I2C1_EV_IRQHandler)
    LU9685_AllServoCtrl                      0x08003209   Thumb Code    60  lu9685.o(i.LU9685_AllServoCtrl)
    LU9685_SoftReset                         0x08003249   Thumb Code    24  lu9685.o(i.LU9685_SoftReset)
    MPU6050_CalcYaw_Complementary            0x08003269   Thumb Code   238  mpu6050.o(i.MPU6050_CalcYaw_Complementary)
    MPU6050_Calibrate                        0x08003385   Thumb Code   134  mpu6050.o(i.MPU6050_Calibrate)
    MPU6050_ConvertData                      0x08003415   Thumb Code   132  mpu6050.o(i.MPU6050_ConvertData)
    MPU6050_GetData                          0x080034a5   Thumb Code   146  mpu6050.o(i.MPU6050_GetData)
    MPU6050_Init                             0x08003537   Thumb Code    54  mpu6050.o(i.MPU6050_Init)
    MPU6050_ReadReg                          0x0800356d   Thumb Code    34  mpu6050.o(i.MPU6050_ReadReg)
    MPU6050_WriteReg                         0x08003595   Thumb Code    32  mpu6050.o(i.MPU6050_WriteReg)
    MX_FREERTOS_Init                         0x080035b9   Thumb Code    46  freertos.o(i.MX_FREERTOS_Init)
    MX_GPIO_Init                             0x080035fd   Thumb Code   148  gpio.o(i.MX_GPIO_Init)
    MX_I2C1_Init                             0x08003699   Thumb Code    50  i2c.o(i.MX_I2C1_Init)
    MX_TIM1_Init                             0x080036d9   Thumb Code   170  tim.o(i.MX_TIM1_Init)
    MX_TIM2_Init                             0x0800378d   Thumb Code   100  tim.o(i.MX_TIM2_Init)
    MX_TIM4_Init                             0x080037f5   Thumb Code    98  tim.o(i.MX_TIM4_Init)
    MX_TIM6_Init                             0x08003861   Thumb Code    60  tim.o(i.MX_TIM6_Init)
    MX_USART1_UART_Init                      0x080038a5   Thumb Code    48  usart.o(i.MX_USART1_UART_Init)
    MemManage_Handler                        0x080038dd   Thumb Code     2  stm32f4xx_it.o(i.MemManage_Handler)
    MotorSpeed_CompensateByYaw               0x080038e1   Thumb Code   220  motor.o(i.MotorSpeed_CompensateByYaw)
    NMI_Handler                              0x080039e1   Thumb Code     2  stm32f4xx_it.o(i.NMI_Handler)
    PID_Calculate                            0x080039e5   Thumb Code   188  motor.o(i.PID_Calculate)
    PID_Init                                 0x08003aa9   Thumb Code    26  motor.o(i.PID_Init)
    Set_PWM_Duty                             0x08003ac9   Thumb Code    48  motor.o(i.Set_PWM_Duty)
    StartDefaultTask                         0x08003afd   Thumb Code     8  freertos.o(i.StartDefaultTask)
    StartTask02                              0x08003b05   Thumb Code    64  freertos.o(i.StartTask02)
    StartTask03                              0x08003b45   Thumb Code    12  freertos.o(i.StartTask03)
    SysTick_Handler                          0x08003b51   Thumb Code    26  cmsis_os2.o(i.SysTick_Handler)
    SystemClock_Config                       0x08003b6d   Thumb Code   140  main.o(i.SystemClock_Config)
    SystemInit                               0x08003c01   Thumb Code    12  system_stm32f4xx.o(i.SystemInit)
    TIM6_DAC_IRQHandler                      0x08003c11   Thumb Code     6  stm32f4xx_it.o(i.TIM6_DAC_IRQHandler)
    TIM7_IRQHandler                          0x08003c1d   Thumb Code     6  stm32f4xx_it.o(i.TIM7_IRQHandler)
    TIM_Base_SetConfig                       0x08003c29   Thumb Code   164  stm32f4xx_hal_tim.o(i.TIM_Base_SetConfig)
    TIM_CCxChannelCmd                        0x08003cf9   Thumb Code    26  stm32f4xx_hal_tim.o(i.TIM_CCxChannelCmd)
    TIM_OC2_SetConfig                        0x08003d75   Thumb Code    98  stm32f4xx_hal_tim.o(i.TIM_OC2_SetConfig)
    USART1_IRQHandler                        0x08004139   Thumb Code     6  stm32f4xx_it.o(i.USART1_IRQHandler)
    UsageFault_Handler                       0x08004145   Thumb Code     2  stm32f4xx_it.o(i.UsageFault_Handler)
    __ARM_fpclassifyf                        0x08004147   Thumb Code    38  fpclassifyf.o(i.__ARM_fpclassifyf)
    __hardfp_atan2f                          0x0800418d   Thumb Code   594  atan2f.o(i.__hardfp_atan2f)
    __hardfp_sqrtf                           0x08004439   Thumb Code    58  sqrtf.o(i.__hardfp_sqrtf)
    __mathlib_flt_infnan2                    0x08004473   Thumb Code     6  funder.o(i.__mathlib_flt_infnan2)
    __mathlib_flt_underflow                  0x08004479   Thumb Code    10  funder.o(i.__mathlib_flt_underflow)
    fifth_road                               0x08004489   Thumb Code   104  motor.o(i.fifth_road)
    first_arm                                0x080044fd   Thumb Code   176  lu9685.o(i.first_arm)
    first_road                               0x080045b1   Thumb Code   224  motor.o(i.first_road)
    forth_road                               0x080046a1   Thumb Code   192  motor.o(i.forth_road)
    getTIMx_DetaCnt                          0x08004775   Thumb Code    14  motor.o(i.getTIMx_DetaCnt)
    main                                     0x08004785   Thumb Code   310  main.o(i.main)
    osDelay                                  0x08004905   Thumb Code    26  cmsis_os2.o(i.osDelay)
    osKernelGetTickCount                     0x0800491f   Thumb Code    14  cmsis_os2.o(i.osKernelGetTickCount)
    osKernelInitialize                       0x0800492d   Thumb Code    32  cmsis_os2.o(i.osKernelInitialize)
    osKernelStart                            0x08004951   Thumb Code    48  cmsis_os2.o(i.osKernelStart)
    osThreadNew                              0x08004989   Thumb Code   138  cmsis_os2.o(i.osThreadNew)
    pvPortMalloc                             0x080051a9   Thumb Code   216  heap_4.o(i.pvPortMalloc)
    pxPortInitialiseStack                    0x08005285   Thumb Code    40  port.o(i.pxPortInitialiseStack)
    second_arm                               0x080052b1   Thumb Code   172  lu9685.o(i.second_arm)
    second_road                              0x08005361   Thumb Code   356  motor.o(i.second_road)
    sixth_road                               0x080054dd   Thumb Code   152  motor.o(i.sixth_road)
    stop_motor                               0x08005585   Thumb Code    44  motor.o(i.stop_motor)
    third_road                               0x080055b1   Thumb Code   196  motor.o(i.third_road)
    uxListRemove                             0x08005689   Thumb Code    38  list.o(i.uxListRemove)
    vApplicationGetIdleTaskMemory            0x080056b1   Thumb Code    16  cmsis_os2.o(i.vApplicationGetIdleTaskMemory)
    vApplicationGetTimerTaskMemory           0x080056c5   Thumb Code    18  cmsis_os2.o(i.vApplicationGetTimerTaskMemory)
    vListInitialise                          0x080056dd   Thumb Code    22  list.o(i.vListInitialise)
    vListInitialiseItem                      0x080056f3   Thumb Code     6  list.o(i.vListInitialiseItem)
    vListInsert                              0x080056f9   Thumb Code    48  list.o(i.vListInsert)
    vListInsertEnd                           0x08005729   Thumb Code    24  list.o(i.vListInsertEnd)
    vPortEnterCritical                       0x08005741   Thumb Code    54  port.o(i.vPortEnterCritical)
    vPortExitCritical                        0x08005781   Thumb Code    34  port.o(i.vPortExitCritical)
    vPortFree                                0x080057a9   Thumb Code    94  heap_4.o(i.vPortFree)
    vPortSetupTimerInterrupt                 0x0800580d   Thumb Code    32  port.o(i.vPortSetupTimerInterrupt)
    vPortValidateInterruptPriority           0x08005831   Thumb Code    74  port.o(i.vPortValidateInterruptPriority)
    vQueueAddToRegistry                      0x08005885   Thumb Code    34  queue.o(i.vQueueAddToRegistry)
    vQueueWaitForMessageRestricted           0x080058ad   Thumb Code    68  queue.o(i.vQueueWaitForMessageRestricted)
    vTaskDelay                               0x080058f1   Thumb Code    66  tasks.o(i.vTaskDelay)
    vTaskInternalSetTimeOutState             0x0800593d   Thumb Code    12  tasks.o(i.vTaskInternalSetTimeOutState)
    vTaskMissedYield                         0x0800594d   Thumb Code     8  tasks.o(i.vTaskMissedYield)
    vTaskPlaceOnEventList                    0x08005959   Thumb Code    44  tasks.o(i.vTaskPlaceOnEventList)
    vTaskPlaceOnEventListRestricted          0x08005989   Thumb Code    52  tasks.o(i.vTaskPlaceOnEventListRestricted)
    vTaskStartScheduler                      0x080059c1   Thumb Code   118  tasks.o(i.vTaskStartScheduler)
    vTaskSuspendAll                          0x08005a49   Thumb Code    10  tasks.o(i.vTaskSuspendAll)
    vTaskSwitchContext                       0x08005a59   Thumb Code    90  tasks.o(i.vTaskSwitchContext)
    xPortStartScheduler                      0x08005abd   Thumb Code   222  port.o(i.xPortStartScheduler)
    xPortSysTickHandler                      0x08005bb1   Thumb Code    38  port.o(i.xPortSysTickHandler)
    xQueueGenericCreateStatic                0x08005bdd   Thumb Code   102  queue.o(i.xQueueGenericCreateStatic)
    xQueueGenericReset                       0x08005c45   Thumb Code   132  queue.o(i.xQueueGenericReset)
    xQueueGenericSend                        0x08005ccd   Thumb Code   346  queue.o(i.xQueueGenericSend)
    xQueueGenericSendFromISR                 0x08005e2d   Thumb Code   190  queue.o(i.xQueueGenericSendFromISR)
    xQueueReceive                            0x08005eed   Thumb Code   308  queue.o(i.xQueueReceive)
    xTaskCheckForTimeOut                     0x08006025   Thumb Code   112  tasks.o(i.xTaskCheckForTimeOut)
    xTaskCreate                              0x08006099   Thumb Code    90  tasks.o(i.xTaskCreate)
    xTaskCreateStatic                        0x080060f3   Thumb Code    86  tasks.o(i.xTaskCreateStatic)
    xTaskGetSchedulerState                   0x08006149   Thumb Code    22  tasks.o(i.xTaskGetSchedulerState)
    xTaskGetTickCount                        0x08006165   Thumb Code     6  tasks.o(i.xTaskGetTickCount)
    xTaskGetTickCountFromISR                 0x08006171   Thumb Code    12  tasks.o(i.xTaskGetTickCountFromISR)
    xTaskIncrementTick                       0x08006181   Thumb Code   192  tasks.o(i.xTaskIncrementTick)
    xTaskPriorityDisinherit                  0x08006249   Thumb Code   118  tasks.o(i.xTaskPriorityDisinherit)
    xTaskRemoveFromEventList                 0x080062c9   Thumb Code    98  tasks.o(i.xTaskRemoveFromEventList)
    xTaskResumeAll                           0x08006339   Thumb Code   182  tasks.o(i.xTaskResumeAll)
    xTimerCreateTimerTask                    0x080063fd   Thumb Code    78  timers.o(i.xTimerCreateTimerTask)
    xTimerGenericCommand                     0x0800645d   Thumb Code    98  timers.o(i.xTimerGenericCommand)
    _fp_init                                 0x080064c5   Thumb Code    10  fpinit.o(x$fpl$fpinit)
    __fplib_config_fpu_vfp                   0x080064cd   Thumb Code     0  fpinit.o(x$fpl$fpinit)
    __fplib_config_pureend_doubles           0x080064cd   Thumb Code     0  fpinit.o(x$fpl$fpinit)
    __I$use$fp                               0x080064ce   Number         0  usenofp.o(x$fpl$usenofp)
    defaultTask_attributes                   0x080064d0   Data          36  freertos.o(.constdata)
    myTask02_attributes                      0x080064f4   Data          36  freertos.o(.constdata)
    myTask03_attributes                      0x08006518   Data          36  freertos.o(.constdata)
    AHBPrescTable                            0x0800653c   Data          16  system_stm32f4xx.o(.constdata)
    APBPrescTable                            0x0800654c   Data           8  system_stm32f4xx.o(.constdata)
    Region$$Table$$Base                      0x0800657c   Number         0  anon$$obj.o(Region$$Table)
    Region$$Table$$Limit                     0x0800659c   Number         0  anon$$obj.o(Region$$Table)
    defaultTaskHandle                        0x20000000   Data           4  freertos.o(.data)
    myTask02Handle                           0x20000004   Data           4  freertos.o(.data)
    myTask03Handle                           0x20000008   Data           4  freertos.o(.data)
    uwTickFreq                               0x2000000c   Data           1  stm32f4xx_hal.o(.data)
    uwTickPrio                               0x20000010   Data           4  stm32f4xx_hal.o(.data)
    uwTick                                   0x20000014   Data           4  stm32f4xx_hal.o(.data)
    SystemCoreClock                          0x20000018   Data           4  system_stm32f4xx.o(.data)
    pxCurrentTCB                             0x2000001c   Data           4  tasks.o(.data)
    leftSpeed_rpm                            0x2000009c   Data           4  motor.o(.data)
    rightSpeed_rpm                           0x200000a0   Data           4  motor.o(.data)
    leftTargetRpm                            0x200000a4   Data           4  motor.o(.data)
    rightTargetRpm                           0x200000a8   Data           4  motor.o(.data)
    leftPwm                                  0x200000ac   Data           4  motor.o(.data)
    rightPwm                                 0x200000b0   Data           4  motor.o(.data)
    leftCompensatedRpm                       0x200000b4   Data           4  motor.o(.data)
    rightCompensatedRpm                      0x200000b8   Data           4  motor.o(.data)
    AX                                       0x200000bc   Data           2  mpu6050.o(.data)
    AY                                       0x200000be   Data           2  mpu6050.o(.data)
    AZ                                       0x200000c0   Data           2  mpu6050.o(.data)
    GX                                       0x200000c2   Data           2  mpu6050.o(.data)
    GY                                       0x200000c4   Data           2  mpu6050.o(.data)
    GZ                                       0x200000c6   Data           2  mpu6050.o(.data)
    Yaw                                      0x200000c8   Data           4  mpu6050.o(.data)
    Yaw_Gyro                                 0x200000cc   Data           4  mpu6050.o(.data)
    Yaw_Acc                                  0x200000d0   Data           4  mpu6050.o(.data)
    Gx_Offset                                0x200000d4   Data           4  mpu6050.o(.data)
    Gy_Offset                                0x200000d8   Data           4  mpu6050.o(.data)
    Gz_Offset                                0x200000dc   Data           4  mpu6050.o(.data)
    ax                                       0x200000e0   Data           4  mpu6050.o(.data)
    ay                                       0x200000e4   Data           4  mpu6050.o(.data)
    az                                       0x200000e8   Data           4  mpu6050.o(.data)
    gx                                       0x200000ec   Data           4  mpu6050.o(.data)
    gy                                       0x200000f0   Data           4  mpu6050.o(.data)
    gz                                       0x200000f4   Data           4  mpu6050.o(.data)
    hi2c1                                    0x200000f8   Data          84  i2c.o(.bss)
    htim1                                    0x2000014c   Data          72  tim.o(.bss)
    htim2                                    0x20000194   Data          72  tim.o(.bss)
    htim4                                    0x200001dc   Data          72  tim.o(.bss)
    htim6                                    0x20000224   Data          72  tim.o(.bss)
    huart1                                   0x2000026c   Data          72  usart.o(.bss)
    htim7                                    0x200002b4   Data          72  stm32f4xx_hal_timebase_tim.o(.bss)
    xQueueRegistry                           0x200002fc   Data          64  queue.o(.bss)
    pidLeft                                  0x20004bd0   Data          52  motor.o(.bss)
    pidRight                                 0x20004c04   Data          52  motor.o(.bss)
    pidYaw                                   0x20004c38   Data          52  motor.o(.bss)
    __libspace_start                         0x20004c6c   Data          96  libspace.o(.bss)
    __temporary_stack_top$libspace           0x20004ccc   Data           0  libspace.o(.bss)



==============================================================================

Memory Map of the image

  Image Entry point : 0x08000189

  Load Region LR_IROM1 (Base: 0x08000000, Size: 0x00006694, Max: 0x00100000, ABSOLUTE)

    Execution Region ER_IROM1 (Exec base: 0x08000000, Load base: 0x08000000, Size: 0x0000659c, Max: 0x00100000, ABSOLUTE)

    Exec Addr    Load Addr    Size         Type   Attr      Idx    E Section Name        Object

    0x08000000   0x08000000   0x00000188   Data   RO            3    RESET               startup_stm32f407xx.o
    0x08000188   0x08000188   0x00000008   Code   RO         5614  * !!!main             c_w.l(__main.o)
    0x08000190   0x08000190   0x00000034   Code   RO         5835    !!!scatter          c_w.l(__scatter.o)
    0x080001c4   0x080001c4   0x0000001a   Code   RO         5837    !!handler_copy      c_w.l(__scatter_copy.o)
    0x080001de   0x080001de   0x00000002   PAD
    0x080001e0   0x080001e0   0x0000001c   Code   RO         5839    !!handler_zi        c_w.l(__scatter_zi.o)
    0x080001fc   0x080001fc   0x00000002   Code   RO         5706    .ARM.Collect$$libinit$$00000000  c_w.l(libinit.o)
    0x080001fe   0x080001fe   0x00000004   Code   RO         5715    .ARM.Collect$$libinit$$00000001  c_w.l(libinit2.o)
    0x08000202   0x08000202   0x00000000   Code   RO         5718    .ARM.Collect$$libinit$$00000004  c_w.l(libinit2.o)
    0x08000202   0x08000202   0x00000000   Code   RO         5721    .ARM.Collect$$libinit$$0000000A  c_w.l(libinit2.o)
    0x08000202   0x08000202   0x00000000   Code   RO         5723    .ARM.Collect$$libinit$$0000000C  c_w.l(libinit2.o)
    0x08000202   0x08000202   0x00000000   Code   RO         5725    .ARM.Collect$$libinit$$0000000E  c_w.l(libinit2.o)
    0x08000202   0x08000202   0x00000000   Code   RO         5728    .ARM.Collect$$libinit$$00000011  c_w.l(libinit2.o)
    0x08000202   0x08000202   0x00000000   Code   RO         5730    .ARM.Collect$$libinit$$00000013  c_w.l(libinit2.o)
    0x08000202   0x08000202   0x00000000   Code   RO         5732    .ARM.Collect$$libinit$$00000015  c_w.l(libinit2.o)
    0x08000202   0x08000202   0x00000000   Code   RO         5734    .ARM.Collect$$libinit$$00000017  c_w.l(libinit2.o)
    0x08000202   0x08000202   0x00000000   Code   RO         5736    .ARM.Collect$$libinit$$00000019  c_w.l(libinit2.o)
    0x08000202   0x08000202   0x00000000   Code   RO         5738    .ARM.Collect$$libinit$$0000001B  c_w.l(libinit2.o)
    0x08000202   0x08000202   0x00000000   Code   RO         5740    .ARM.Collect$$libinit$$0000001D  c_w.l(libinit2.o)
    0x08000202   0x08000202   0x00000000   Code   RO         5742    .ARM.Collect$$libinit$$0000001F  c_w.l(libinit2.o)
    0x08000202   0x08000202   0x00000000   Code   RO         5744    .ARM.Collect$$libinit$$00000021  c_w.l(libinit2.o)
    0x08000202   0x08000202   0x00000000   Code   RO         5746    .ARM.Collect$$libinit$$00000023  c_w.l(libinit2.o)
    0x08000202   0x08000202   0x00000000   Code   RO         5748    .ARM.Collect$$libinit$$00000025  c_w.l(libinit2.o)
    0x08000202   0x08000202   0x00000000   Code   RO         5752    .ARM.Collect$$libinit$$0000002C  c_w.l(libinit2.o)
    0x08000202   0x08000202   0x00000000   Code   RO         5754    .ARM.Collect$$libinit$$0000002E  c_w.l(libinit2.o)
    0x08000202   0x08000202   0x00000000   Code   RO         5756    .ARM.Collect$$libinit$$00000030  c_w.l(libinit2.o)
    0x08000202   0x08000202   0x00000000   Code   RO         5758    .ARM.Collect$$libinit$$00000032  c_w.l(libinit2.o)
    0x08000202   0x08000202   0x00000002   Code   RO         5759    .ARM.Collect$$libinit$$00000033  c_w.l(libinit2.o)
    0x08000204   0x08000204   0x00000002   Code   RO         5790    .ARM.Collect$$libshutdown$$00000000  c_w.l(libshutdown.o)
    0x08000206   0x08000206   0x00000000   Code   RO         5816    .ARM.Collect$$libshutdown$$00000002  c_w.l(libshutdown2.o)
    0x08000206   0x08000206   0x00000000   Code   RO         5818    .ARM.Collect$$libshutdown$$00000004  c_w.l(libshutdown2.o)
    0x08000206   0x08000206   0x00000000   Code   RO         5820    .ARM.Collect$$libshutdown$$00000006  c_w.l(libshutdown2.o)
    0x08000206   0x08000206   0x00000000   Code   RO         5823    .ARM.Collect$$libshutdown$$00000009  c_w.l(libshutdown2.o)
    0x08000206   0x08000206   0x00000000   Code   RO         5826    .ARM.Collect$$libshutdown$$0000000C  c_w.l(libshutdown2.o)
    0x08000206   0x08000206   0x00000000   Code   RO         5828    .ARM.Collect$$libshutdown$$0000000E  c_w.l(libshutdown2.o)
    0x08000206   0x08000206   0x00000000   Code   RO         5831    .ARM.Collect$$libshutdown$$00000011  c_w.l(libshutdown2.o)
    0x08000206   0x08000206   0x00000002   Code   RO         5832    .ARM.Collect$$libshutdown$$00000012  c_w.l(libshutdown2.o)
    0x08000208   0x08000208   0x00000000   Code   RO         5640    .ARM.Collect$$rtentry$$00000000  c_w.l(__rtentry.o)
    0x08000208   0x08000208   0x00000000   Code   RO         5669    .ARM.Collect$$rtentry$$00000002  c_w.l(__rtentry2.o)
    0x08000208   0x08000208   0x00000006   Code   RO         5681    .ARM.Collect$$rtentry$$00000004  c_w.l(__rtentry4.o)
    0x0800020e   0x0800020e   0x00000000   Code   RO         5671    .ARM.Collect$$rtentry$$00000009  c_w.l(__rtentry2.o)
    0x0800020e   0x0800020e   0x00000004   Code   RO         5672    .ARM.Collect$$rtentry$$0000000A  c_w.l(__rtentry2.o)
    0x08000212   0x08000212   0x00000000   Code   RO         5674    .ARM.Collect$$rtentry$$0000000C  c_w.l(__rtentry2.o)
    0x08000212   0x08000212   0x00000008   Code   RO         5675    .ARM.Collect$$rtentry$$0000000D  c_w.l(__rtentry2.o)
    0x0800021a   0x0800021a   0x00000002   Code   RO         5707    .ARM.Collect$$rtexit$$00000000  c_w.l(rtexit.o)
    0x0800021c   0x0800021c   0x00000000   Code   RO         5763    .ARM.Collect$$rtexit$$00000002  c_w.l(rtexit2.o)
    0x0800021c   0x0800021c   0x00000004   Code   RO         5764    .ARM.Collect$$rtexit$$00000003  c_w.l(rtexit2.o)
    0x08000220   0x08000220   0x00000006   Code   RO         5765    .ARM.Collect$$rtexit$$00000004  c_w.l(rtexit2.o)
    0x08000226   0x08000226   0x00000002   PAD
    0x08000228   0x08000228   0x000000be   Code   RO         5286    .emb_text           port.o
    0x080002e6   0x080002e6   0x00000002   PAD
    0x080002e8   0x080002e8   0x00000040   Code   RO            4    .text               startup_stm32f407xx.o
    0x08000328   0x08000328   0x000000ee   Code   RO         5602    .text               c_w.l(lludivv7m.o)
    0x08000416   0x08000416   0x0000008a   Code   RO         5604    .text               c_w.l(rt_memcpy_v6.o)
    0x080004a0   0x080004a0   0x00000010   Code   RO         5608    .text               c_w.l(aeabi_memset.o)
    0x080004b0   0x080004b0   0x0000004e   Code   RO         5610    .text               c_w.l(rt_memclr_w.o)
    0x080004fe   0x080004fe   0x00000006   Code   RO         5612    .text               c_w.l(heapauxi.o)
    0x08000504   0x08000504   0x00000016   Code   RO         5645    .text               c_w.l(_rserrno.o)
    0x0800051a   0x0800051a   0x00000064   Code   RO         5647    .text               c_w.l(rt_memcpy_w.o)
    0x0800057e   0x0800057e   0x00000044   Code   RO         5649    .text               c_w.l(rt_memclr.o)
    0x080005c2   0x080005c2   0x00000002   PAD
    0x080005c4   0x080005c4   0x00000008   Code   RO         5688    .text               c_w.l(rt_errno_addr_intlibspace.o)
    0x080005cc   0x080005cc   0x00000008   Code   RO         5690    .text               c_w.l(libspace.o)
    0x080005d4   0x080005d4   0x0000004a   Code   RO         5693    .text               c_w.l(sys_stackheap_outer.o)
    0x0800061e   0x0800061e   0x00000012   Code   RO         5695    .text               c_w.l(exit.o)
    0x08000630   0x08000630   0x0000000c   Code   RO         5760    .text               c_w.l(sys_exit.o)
    0x0800063c   0x0800063c   0x00000002   Code   RO         5779    .text               c_w.l(use_no_semi.o)
    0x0800063e   0x0800063e   0x00000000   Code   RO         5781    .text               c_w.l(indicate_semi.o)
    0x0800063e   0x0800063e   0x00000002   Code   RO          478    i.BusFault_Handler  stm32f4xx_it.o
    0x08000640   0x08000640   0x00000068   Code   RO         5366    i.Calculate_Motor_Speed  motor.o
    0x080006a8   0x080006a8   0x00000002   Code   RO          479    i.DebugMon_Handler  stm32f4xx_it.o
    0x080006aa   0x080006aa   0x00000004   Code   RO           13    i.Error_Handler     main.o
    0x080006ae   0x080006ae   0x00000092   Code   RO         2064    i.HAL_DMA_Abort     stm32f4xx_hal_dma.o
    0x08000740   0x08000740   0x00000024   Code   RO         2065    i.HAL_DMA_Abort_IT  stm32f4xx_hal_dma.o
    0x08000764   0x08000764   0x00000006   Code   RO         2068    i.HAL_DMA_GetState  stm32f4xx_hal_dma.o
    0x0800076a   0x0800076a   0x00000002   PAD
    0x0800076c   0x0800076c   0x00000024   Code   RO         2501    i.HAL_Delay         stm32f4xx_hal.o
    0x08000790   0x08000790   0x000001f0   Code   RO         1957    i.HAL_GPIO_Init     stm32f4xx_hal_gpio.o
    0x08000980   0x08000980   0x0000000a   Code   RO         1961    i.HAL_GPIO_WritePin  stm32f4xx_hal_gpio.o
    0x0800098a   0x0800098a   0x00000002   PAD
    0x0800098c   0x0800098c   0x0000000c   Code   RO         2507    i.HAL_GetTick       stm32f4xx_hal.o
    0x08000998   0x08000998   0x00000002   Code   RO         2752    i.HAL_I2C_AbortCpltCallback  stm32f4xx_hal_i2c.o
    0x0800099a   0x0800099a   0x00000002   Code   RO         2753    i.HAL_I2C_AddrCallback  stm32f4xx_hal_i2c.o
    0x0800099c   0x0800099c   0x000000ba   Code   RO         2756    i.HAL_I2C_ER_IRQHandler  stm32f4xx_hal_i2c.o
    0x08000a56   0x08000a56   0x00000230   Code   RO         2757    i.HAL_I2C_EV_IRQHandler  stm32f4xx_hal_i2c.o
    0x08000c86   0x08000c86   0x00000002   Code   RO         2759    i.HAL_I2C_ErrorCallback  stm32f4xx_hal_i2c.o
    0x08000c88   0x08000c88   0x00000188   Code   RO         2763    i.HAL_I2C_Init      stm32f4xx_hal_i2c.o
    0x08000e10   0x08000e10   0x00000002   Code   RO         2765    i.HAL_I2C_ListenCpltCallback  stm32f4xx_hal_i2c.o
    0x08000e12   0x08000e12   0x00000002   Code   RO         2766    i.HAL_I2C_MasterRxCpltCallback  stm32f4xx_hal_i2c.o
    0x08000e14   0x08000e14   0x00000002   Code   RO         2767    i.HAL_I2C_MasterTxCpltCallback  stm32f4xx_hal_i2c.o
    0x08000e16   0x08000e16   0x00000002   Code   RO         2779    i.HAL_I2C_MemRxCpltCallback  stm32f4xx_hal_i2c.o
    0x08000e18   0x08000e18   0x00000002   Code   RO         2780    i.HAL_I2C_MemTxCpltCallback  stm32f4xx_hal_i2c.o
    0x08000e1a   0x08000e1a   0x00000002   PAD
    0x08000e1c   0x08000e1c   0x00000204   Code   RO         2781    i.HAL_I2C_Mem_Read  stm32f4xx_hal_i2c.o
    0x08001020   0x08001020   0x00000130   Code   RO         2784    i.HAL_I2C_Mem_Write  stm32f4xx_hal_i2c.o
    0x08001150   0x08001150   0x00000088   Code   RO          305    i.HAL_I2C_MspInit   i2c.o
    0x080011d8   0x080011d8   0x00000002   Code   RO         2789    i.HAL_I2C_SlaveRxCpltCallback  stm32f4xx_hal_i2c.o
    0x080011da   0x080011da   0x00000002   Code   RO         2790    i.HAL_I2C_SlaveTxCpltCallback  stm32f4xx_hal_i2c.o
    0x080011dc   0x080011dc   0x00000010   Code   RO         2513    i.HAL_IncTick       stm32f4xx_hal.o
    0x080011ec   0x080011ec   0x00000034   Code   RO         2514    i.HAL_Init          stm32f4xx_hal.o
    0x08001220   0x08001220   0x00000098   Code   RO          590    i.HAL_InitTick      stm32f4xx_hal_timebase_tim.o
    0x080012b8   0x080012b8   0x00000038   Code   RO          566    i.HAL_MspInit       stm32f4xx_hal_msp.o
    0x080012f0   0x080012f0   0x0000001a   Code   RO         2349    i.HAL_NVIC_EnableIRQ  stm32f4xx_hal_cortex.o
    0x0800130a   0x0800130a   0x00000002   PAD
    0x0800130c   0x0800130c   0x00000040   Code   RO         2355    i.HAL_NVIC_SetPriority  stm32f4xx_hal_cortex.o
    0x0800134c   0x0800134c   0x00000024   Code   RO         2356    i.HAL_NVIC_SetPriorityGrouping  stm32f4xx_hal_cortex.o
    0x08001370   0x08001370   0x00000134   Code   RO         1603    i.HAL_RCC_ClockConfig  stm32f4xx_hal_rcc.o
    0x080014a4   0x080014a4   0x00000040   Code   RO         1607    i.HAL_RCC_GetClockConfig  stm32f4xx_hal_rcc.o
    0x080014e4   0x080014e4   0x00000020   Code   RO         1610    i.HAL_RCC_GetPCLK1Freq  stm32f4xx_hal_rcc.o
    0x08001504   0x08001504   0x00000020   Code   RO         1611    i.HAL_RCC_GetPCLK2Freq  stm32f4xx_hal_rcc.o
    0x08001524   0x08001524   0x00000064   Code   RO         1612    i.HAL_RCC_GetSysClockFreq  stm32f4xx_hal_rcc.o
    0x08001588   0x08001588   0x0000036c   Code   RO         1615    i.HAL_RCC_OscConfig  stm32f4xx_hal_rcc.o
    0x080018f4   0x080018f4   0x00000002   Code   RO         1335    i.HAL_TIMEx_BreakCallback  stm32f4xx_hal_tim_ex.o
    0x080018f6   0x080018f6   0x00000002   Code   RO         1336    i.HAL_TIMEx_CommutCallback  stm32f4xx_hal_tim_ex.o
    0x080018f8   0x080018f8   0x00000054   Code   RO         1338    i.HAL_TIMEx_ConfigBreakDeadTime  stm32f4xx_hal_tim_ex.o
    0x0800194c   0x0800194c   0x00000090   Code   RO         1354    i.HAL_TIMEx_MasterConfigSynchronization  stm32f4xx_hal_tim_ex.o
    0x080019dc   0x080019dc   0x0000005a   Code   RO          631    i.HAL_TIM_Base_Init  stm32f4xx_hal_tim.o
    0x08001a36   0x08001a36   0x00000002   PAD
    0x08001a38   0x08001a38   0x0000003c   Code   RO          347    i.HAL_TIM_Base_MspInit  tim.o
    0x08001a74   0x08001a74   0x00000080   Code   RO          636    i.HAL_TIM_Base_Start_IT  stm32f4xx_hal_tim.o
    0x08001af4   0x08001af4   0x000000a4   Code   RO          652    i.HAL_TIM_Encoder_Init  stm32f4xx_hal_tim.o
    0x08001b98   0x08001b98   0x000000a4   Code   RO          349    i.HAL_TIM_Encoder_MspInit  tim.o
    0x08001c3c   0x08001c3c   0x00000002   Code   RO          665    i.HAL_TIM_IC_CaptureCallback  stm32f4xx_hal_tim.o
    0x08001c3e   0x08001c3e   0x00000130   Code   RO          679    i.HAL_TIM_IRQHandler  stm32f4xx_hal_tim.o
    0x08001d6e   0x08001d6e   0x00000002   PAD
    0x08001d70   0x08001d70   0x00000054   Code   RO          350    i.HAL_TIM_MspPostInit  tim.o
    0x08001dc4   0x08001dc4   0x00000002   Code   RO          682    i.HAL_TIM_OC_DelayElapsedCallback  stm32f4xx_hal_tim.o
    0x08001dc6   0x08001dc6   0x000000cc   Code   RO          703    i.HAL_TIM_PWM_ConfigChannel  stm32f4xx_hal_tim.o
    0x08001e92   0x08001e92   0x0000005a   Code   RO          706    i.HAL_TIM_PWM_Init  stm32f4xx_hal_tim.o
    0x08001eec   0x08001eec   0x00000028   Code   RO          352    i.HAL_TIM_PWM_MspInit  tim.o
    0x08001f14   0x08001f14   0x00000002   Code   RO          709    i.HAL_TIM_PWM_PulseFinishedCallback  stm32f4xx_hal_tim.o
    0x08001f16   0x08001f16   0x00000002   PAD
    0x08001f18   0x08001f18   0x000000c8   Code   RO          711    i.HAL_TIM_PWM_Start  stm32f4xx_hal_tim.o
    0x08001fe0   0x08001fe0   0x00000014   Code   RO           14    i.HAL_TIM_PeriodElapsedCallback  main.o
    0x08001ff4   0x08001ff4   0x00000002   Code   RO          722    i.HAL_TIM_TriggerCallback  stm32f4xx_hal_tim.o
    0x08001ff6   0x08001ff6   0x00000002   Code   RO         3219    i.HAL_UARTEx_RxEventCallback  stm32f4xx_hal_uart.o
    0x08001ff8   0x08001ff8   0x00000002   Code   RO         3233    i.HAL_UART_ErrorCallback  stm32f4xx_hal_uart.o
    0x08001ffa   0x08001ffa   0x00000002   PAD
    0x08001ffc   0x08001ffc   0x00000280   Code   RO         3236    i.HAL_UART_IRQHandler  stm32f4xx_hal_uart.o
    0x0800227c   0x0800227c   0x00000064   Code   RO         3237    i.HAL_UART_Init     stm32f4xx_hal_uart.o
    0x080022e0   0x080022e0   0x0000007c   Code   RO          437    i.HAL_UART_MspInit  usart.o
    0x0800235c   0x0800235c   0x00000002   Code   RO         3243    i.HAL_UART_RxCpltCallback  stm32f4xx_hal_uart.o
    0x0800235e   0x0800235e   0x000000a0   Code   RO         3245    i.HAL_UART_Transmit  stm32f4xx_hal_uart.o
    0x080023fe   0x080023fe   0x00000002   Code   RO         3248    i.HAL_UART_TxCpltCallback  stm32f4xx_hal_uart.o
    0x08002400   0x08002400   0x00000002   Code   RO          480    i.HardFault_Handler  stm32f4xx_it.o
    0x08002402   0x08002402   0x00000002   PAD
    0x08002404   0x08002404   0x0000000c   Code   RO          481    i.I2C1_ER_IRQHandler  stm32f4xx_it.o
    0x08002410   0x08002410   0x0000000c   Code   RO          482    i.I2C1_EV_IRQHandler  stm32f4xx_it.o
    0x0800241c   0x0800241c   0x000000bc   Code   RO         2801    i.I2C_DMAAbort      stm32f4xx_hal_i2c.o
    0x080024d8   0x080024d8   0x00000010   Code   RO         2804    i.I2C_Flush_DR      stm32f4xx_hal_i2c.o
    0x080024e8   0x080024e8   0x00000158   Code   RO         2805    i.I2C_ITError       stm32f4xx_hal_i2c.o
    0x08002640   0x08002640   0x0000002e   Code   RO         2806    i.I2C_IsAcknowledgeFailed  stm32f4xx_hal_i2c.o
    0x0800266e   0x0800266e   0x000000da   Code   RO         2807    i.I2C_MasterReceive_BTF  stm32f4xx_hal_i2c.o
    0x08002748   0x08002748   0x000000f4   Code   RO         2808    i.I2C_MasterReceive_RXNE  stm32f4xx_hal_i2c.o
    0x0800283c   0x0800283c   0x00000082   Code   RO         2811    i.I2C_MasterTransmit_BTF  stm32f4xx_hal_i2c.o
    0x080028be   0x080028be   0x00000002   PAD
    0x080028c0   0x080028c0   0x000000b6   Code   RO         2812    i.I2C_MasterTransmit_TXE  stm32f4xx_hal_i2c.o
    0x08002976   0x08002976   0x00000002   PAD
    0x08002978   0x08002978   0x00000118   Code   RO         2813    i.I2C_Master_ADDR   stm32f4xx_hal_i2c.o
    0x08002a90   0x08002a90   0x0000008c   Code   RO         2814    i.I2C_Master_SB     stm32f4xx_hal_i2c.o
    0x08002b1c   0x08002b1c   0x000000a8   Code   RO         2815    i.I2C_MemoryTransmit_TXE_BTF  stm32f4xx_hal_i2c.o
    0x08002bc4   0x08002bc4   0x000000fc   Code   RO         2816    i.I2C_RequestMemoryRead  stm32f4xx_hal_i2c.o
    0x08002cc0   0x08002cc0   0x000000a8   Code   RO         2817    i.I2C_RequestMemoryWrite  stm32f4xx_hal_i2c.o
    0x08002d68   0x08002d68   0x00000046   Code   RO         2818    i.I2C_Slave_ADDR    stm32f4xx_hal_i2c.o
    0x08002dae   0x08002dae   0x00000002   PAD
    0x08002db0   0x08002db0   0x00000090   Code   RO         2819    i.I2C_Slave_AF      stm32f4xx_hal_i2c.o
    0x08002e40   0x08002e40   0x0000015c   Code   RO         2820    i.I2C_Slave_STOPF   stm32f4xx_hal_i2c.o
    0x08002f9c   0x08002f9c   0x00000056   Code   RO         2821    i.I2C_WaitOnBTFFlagUntilTimeout  stm32f4xx_hal_i2c.o
    0x08002ff2   0x08002ff2   0x00000002   PAD
    0x08002ff4   0x08002ff4   0x00000090   Code   RO         2822    i.I2C_WaitOnFlagUntilTimeout  stm32f4xx_hal_i2c.o
    0x08003084   0x08003084   0x000000bc   Code   RO         2823    i.I2C_WaitOnMasterAddressFlagUntilTimeout  stm32f4xx_hal_i2c.o
    0x08003140   0x08003140   0x00000070   Code   RO         2824    i.I2C_WaitOnRXNEFlagUntilTimeout  stm32f4xx_hal_i2c.o
    0x080031b0   0x080031b0   0x00000056   Code   RO         2825    i.I2C_WaitOnTXEFlagUntilTimeout  stm32f4xx_hal_i2c.o
    0x08003206   0x08003206   0x00000002   PAD
    0x08003208   0x08003208   0x00000040   Code   RO         5551    i.LU9685_AllServoCtrl  lu9685.o
    0x08003248   0x08003248   0x00000020   Code   RO         5553    i.LU9685_SoftReset  lu9685.o
    0x08003268   0x08003268   0x0000011c   Code   RO         5476    i.MPU6050_CalcYaw_Complementary  mpu6050.o
    0x08003384   0x08003384   0x00000090   Code   RO         5477    i.MPU6050_Calibrate  mpu6050.o
    0x08003414   0x08003414   0x00000090   Code   RO         5478    i.MPU6050_ConvertData  mpu6050.o
    0x080034a4   0x080034a4   0x00000092   Code   RO         5479    i.MPU6050_GetData   mpu6050.o
    0x08003536   0x08003536   0x00000036   Code   RO         5481    i.MPU6050_Init      mpu6050.o
    0x0800356c   0x0800356c   0x00000028   Code   RO         5482    i.MPU6050_ReadReg   mpu6050.o
    0x08003594   0x08003594   0x00000024   Code   RO         5483    i.MPU6050_WriteReg  mpu6050.o
    0x080035b8   0x080035b8   0x00000044   Code   RO          245    i.MX_FREERTOS_Init  freertos.o
    0x080035fc   0x080035fc   0x0000009c   Code   RO          221    i.MX_GPIO_Init      gpio.o
    0x08003698   0x08003698   0x00000040   Code   RO          306    i.MX_I2C1_Init      i2c.o
    0x080036d8   0x080036d8   0x000000b4   Code   RO          353    i.MX_TIM1_Init      tim.o
    0x0800378c   0x0800378c   0x00000068   Code   RO          354    i.MX_TIM2_Init      tim.o
    0x080037f4   0x080037f4   0x0000006c   Code   RO          355    i.MX_TIM4_Init      tim.o
    0x08003860   0x08003860   0x00000044   Code   RO          356    i.MX_TIM6_Init      tim.o
    0x080038a4   0x080038a4   0x00000038   Code   RO          438    i.MX_USART1_UART_Init  usart.o
    0x080038dc   0x080038dc   0x00000002   Code   RO          483    i.MemManage_Handler  stm32f4xx_it.o
    0x080038de   0x080038de   0x00000002   PAD
    0x080038e0   0x080038e0   0x00000100   Code   RO         5367    i.MotorSpeed_CompensateByYaw  motor.o
    0x080039e0   0x080039e0   0x00000002   Code   RO          484    i.NMI_Handler       stm32f4xx_it.o
    0x080039e2   0x080039e2   0x00000002   PAD
    0x080039e4   0x080039e4   0x000000c4   Code   RO         5368    i.PID_Calculate     motor.o
    0x08003aa8   0x08003aa8   0x00000020   Code   RO         5369    i.PID_Init          motor.o
    0x08003ac8   0x08003ac8   0x00000034   Code   RO         5370    i.Set_PWM_Duty      motor.o
    0x08003afc   0x08003afc   0x00000008   Code   RO          246    i.StartDefaultTask  freertos.o
    0x08003b04   0x08003b04   0x00000040   Code   RO          247    i.StartTask02       freertos.o
    0x08003b44   0x08003b44   0x0000000c   Code   RO          248    i.StartTask03       freertos.o
    0x08003b50   0x08003b50   0x0000001a   Code   RO         4718    i.SysTick_Handler   cmsis_os2.o
    0x08003b6a   0x08003b6a   0x00000002   PAD
    0x08003b6c   0x08003b6c   0x00000094   Code   RO           15    i.SystemClock_Config  main.o
    0x08003c00   0x08003c00   0x00000010   Code   RO         3571    i.SystemInit        system_stm32f4xx.o
    0x08003c10   0x08003c10   0x0000000c   Code   RO          485    i.TIM6_DAC_IRQHandler  stm32f4xx_it.o
    0x08003c1c   0x08003c1c   0x0000000c   Code   RO          486    i.TIM7_IRQHandler   stm32f4xx_it.o
    0x08003c28   0x08003c28   0x000000d0   Code   RO          724    i.TIM_Base_SetConfig  stm32f4xx_hal_tim.o
    0x08003cf8   0x08003cf8   0x0000001a   Code   RO          725    i.TIM_CCxChannelCmd  stm32f4xx_hal_tim.o
    0x08003d12   0x08003d12   0x00000002   PAD
    0x08003d14   0x08003d14   0x00000060   Code   RO          737    i.TIM_OC1_SetConfig  stm32f4xx_hal_tim.o
    0x08003d74   0x08003d74   0x0000006c   Code   RO          738    i.TIM_OC2_SetConfig  stm32f4xx_hal_tim.o
    0x08003de0   0x08003de0   0x00000068   Code   RO          739    i.TIM_OC3_SetConfig  stm32f4xx_hal_tim.o
    0x08003e48   0x08003e48   0x00000050   Code   RO          740    i.TIM_OC4_SetConfig  stm32f4xx_hal_tim.o
    0x08003e98   0x08003e98   0x0000000e   Code   RO         3250    i.UART_DMAAbortOnError  stm32f4xx_hal_uart.o
    0x08003ea6   0x08003ea6   0x0000004e   Code   RO         3260    i.UART_EndRxTransfer  stm32f4xx_hal_uart.o
    0x08003ef4   0x08003ef4   0x000000c2   Code   RO         3262    i.UART_Receive_IT   stm32f4xx_hal_uart.o
    0x08003fb6   0x08003fb6   0x00000002   PAD
    0x08003fb8   0x08003fb8   0x0000010c   Code   RO         3263    i.UART_SetConfig    stm32f4xx_hal_uart.o
    0x080040c4   0x080040c4   0x00000072   Code   RO         3266    i.UART_WaitOnFlagUntilTimeout  stm32f4xx_hal_uart.o
    0x08004136   0x08004136   0x00000002   PAD
    0x08004138   0x08004138   0x0000000c   Code   RO          487    i.USART1_IRQHandler  stm32f4xx_it.o
    0x08004144   0x08004144   0x00000002   Code   RO          488    i.UsageFault_Handler  stm32f4xx_it.o
    0x08004146   0x08004146   0x00000026   Code   RO         5652    i.__ARM_fpclassifyf  m_wm.l(fpclassifyf.o)
    0x0800416c   0x0800416c   0x00000020   Code   RO         2362    i.__NVIC_SetPriority  stm32f4xx_hal_cortex.o
    0x0800418c   0x0800418c   0x000002ac   Code   RO         5616    i.__hardfp_atan2f   m_wm.l(atan2f.o)
    0x08004438   0x08004438   0x0000003a   Code   RO         5628    i.__hardfp_sqrtf    m_wm.l(sqrtf.o)
    0x08004472   0x08004472   0x00000006   Code   RO         5656    i.__mathlib_flt_infnan2  m_wm.l(funder.o)
    0x08004478   0x08004478   0x00000010   Code   RO         5660    i.__mathlib_flt_underflow  m_wm.l(funder.o)
    0x08004488   0x08004488   0x00000074   Code   RO         5371    i.fifth_road        motor.o
    0x080044fc   0x080044fc   0x000000b4   Code   RO         5554    i.first_arm         lu9685.o
    0x080045b0   0x080045b0   0x000000f0   Code   RO         5372    i.first_road        motor.o
    0x080046a0   0x080046a0   0x000000d4   Code   RO         5373    i.forth_road        motor.o
    0x08004774   0x08004774   0x0000000e   Code   RO         5374    i.getTIMx_DetaCnt   motor.o
    0x08004782   0x08004782   0x00000002   PAD
    0x08004784   0x08004784   0x00000180   Code   RO           16    i.main              main.o
    0x08004904   0x08004904   0x0000001a   Code   RO         4720    i.osDelay           cmsis_os2.o
    0x0800491e   0x0800491e   0x0000000e   Code   RO         4732    i.osKernelGetTickCount  cmsis_os2.o
    0x0800492c   0x0800492c   0x00000024   Code   RO         4734    i.osKernelInitialize  cmsis_os2.o
    0x08004950   0x08004950   0x00000038   Code   RO         4737    i.osKernelStart     cmsis_os2.o
    0x08004988   0x08004988   0x0000008a   Code   RO         4779    i.osThreadNew       cmsis_os2.o
    0x08004a12   0x08004a12   0x00000002   PAD
    0x08004a14   0x08004a14   0x0000005c   Code   RO         4179    i.prvAddCurrentTaskToDelayedList  tasks.o
    0x08004a70   0x08004a70   0x000000d0   Code   RO         4180    i.prvAddNewTaskToReadyList  tasks.o
    0x08004b40   0x08004b40   0x00000058   Code   RO         4544    i.prvCheckForValidListAndQueue  timers.o
    0x08004b98   0x08004b98   0x00000026   Code   RO         3776    i.prvCopyDataFromQueue  queue.o
    0x08004bbe   0x08004bbe   0x0000006c   Code   RO         3777    i.prvCopyDataToQueue  queue.o
    0x08004c2a   0x08004c2a   0x00000034   Code   RO         4181    i.prvDeleteTCB      tasks.o
    0x08004c5e   0x08004c5e   0x00000002   PAD
    0x08004c60   0x08004c60   0x0000004c   Code   RO         5231    i.prvHeapInit       heap_4.o
    0x08004cac   0x08004cac   0x00000060   Code   RO         4182    i.prvIdleTask       tasks.o
    0x08004d0c   0x08004d0c   0x00000022   Code   RO         3779    i.prvInitialiseNewQueue  queue.o
    0x08004d2e   0x08004d2e   0x00000002   PAD
    0x08004d30   0x08004d30   0x000000b0   Code   RO         4183    i.prvInitialiseNewTask  tasks.o
    0x08004de0   0x08004de0   0x0000004c   Code   RO         5232    i.prvInsertBlockIntoFreeList  heap_4.o
    0x08004e2c   0x08004e2c   0x00000038   Code   RO         4546    i.prvInsertTimerInActiveList  timers.o
    0x08004e64   0x08004e64   0x0000001c   Code   RO         3780    i.prvIsQueueEmpty   queue.o
    0x08004e80   0x08004e80   0x000000fc   Code   RO         4547    i.prvProcessReceivedCommands  timers.o
    0x08004f7c   0x08004f7c   0x000000c0   Code   RO         4548    i.prvProcessTimerOrBlockTask  timers.o
    0x0800503c   0x0800503c   0x00000020   Code   RO         4185    i.prvResetNextTaskUnblockTime  tasks.o
    0x0800505c   0x0800505c   0x00000028   Code   RO         4549    i.prvSampleTimeNow  timers.o
    0x08005084   0x08005084   0x0000006c   Code   RO         4550    i.prvSwitchTimerLists  timers.o
    0x080050f0   0x080050f0   0x00000028   Code   RO         5287    i.prvTaskExitError  port.o
    0x08005118   0x08005118   0x00000024   Code   RO         4551    i.prvTimerTask      timers.o
    0x0800513c   0x0800513c   0x0000006a   Code   RO         3781    i.prvUnlockQueue    queue.o
    0x080051a6   0x080051a6   0x00000002   PAD
    0x080051a8   0x080051a8   0x000000dc   Code   RO         5233    i.pvPortMalloc      heap_4.o
    0x08005284   0x08005284   0x0000002c   Code   RO         5288    i.pxPortInitialiseStack  port.o
    0x080052b0   0x080052b0   0x000000b0   Code   RO         5555    i.second_arm        lu9685.o
    0x08005360   0x08005360   0x0000017c   Code   RO         5375    i.second_road       motor.o
    0x080054dc   0x080054dc   0x000000a8   Code   RO         5376    i.sixth_road        motor.o
    0x08005584   0x08005584   0x0000002c   Code   RO         5377    i.stop_motor        motor.o
    0x080055b0   0x080055b0   0x000000d8   Code   RO         5378    i.third_road        motor.o
    0x08005688   0x08005688   0x00000026   Code   RO         3736    i.uxListRemove      list.o
    0x080056ae   0x080056ae   0x00000002   PAD
    0x080056b0   0x080056b0   0x00000014   Code   RO         4791    i.vApplicationGetIdleTaskMemory  cmsis_os2.o
    0x080056c4   0x080056c4   0x00000018   Code   RO         4792    i.vApplicationGetTimerTaskMemory  cmsis_os2.o
    0x080056dc   0x080056dc   0x00000016   Code   RO         3737    i.vListInitialise   list.o
    0x080056f2   0x080056f2   0x00000006   Code   RO         3738    i.vListInitialiseItem  list.o
    0x080056f8   0x080056f8   0x00000030   Code   RO         3739    i.vListInsert       list.o
    0x08005728   0x08005728   0x00000018   Code   RO         3740    i.vListInsertEnd    list.o
    0x08005740   0x08005740   0x00000040   Code   RO         5290    i.vPortEnterCritical  port.o
    0x08005780   0x08005780   0x00000028   Code   RO         5291    i.vPortExitCritical  port.o
    0x080057a8   0x080057a8   0x00000064   Code   RO         5234    i.vPortFree         heap_4.o
    0x0800580c   0x0800580c   0x00000024   Code   RO         5292    i.vPortSetupTimerInterrupt  port.o
    0x08005830   0x08005830   0x00000054   Code   RO         5293    i.vPortValidateInterruptPriority  port.o
    0x08005884   0x08005884   0x00000028   Code   RO         3787    i.vQueueAddToRegistry  queue.o
    0x080058ac   0x080058ac   0x00000044   Code   RO         3791    i.vQueueWaitForMessageRestricted  queue.o
    0x080058f0   0x080058f0   0x0000004c   Code   RO         4198    i.vTaskDelay        tasks.o
    0x0800593c   0x0800593c   0x00000010   Code   RO         4203    i.vTaskInternalSetTimeOutState  tasks.o
    0x0800594c   0x0800594c   0x0000000c   Code   RO         4204    i.vTaskMissedYield  tasks.o
    0x08005958   0x08005958   0x00000030   Code   RO         4206    i.vTaskPlaceOnEventList  tasks.o
    0x08005988   0x08005988   0x00000038   Code   RO         4207    i.vTaskPlaceOnEventListRestricted  tasks.o
    0x080059c0   0x080059c0   0x00000088   Code   RO         4215    i.vTaskStartScheduler  tasks.o
    0x08005a48   0x08005a48   0x00000010   Code   RO         4217    i.vTaskSuspendAll   tasks.o
    0x08005a58   0x08005a58   0x00000064   Code   RO         4218    i.vTaskSwitchContext  tasks.o
    0x08005abc   0x08005abc   0x000000f4   Code   RO         5294    i.xPortStartScheduler  port.o
    0x08005bb0   0x08005bb0   0x0000002c   Code   RO         5295    i.xPortSysTickHandler  port.o
    0x08005bdc   0x08005bdc   0x00000066   Code   RO         3797    i.xQueueGenericCreateStatic  queue.o
    0x08005c42   0x08005c42   0x00000002   PAD
    0x08005c44   0x08005c44   0x00000088   Code   RO         3798    i.xQueueGenericReset  queue.o
    0x08005ccc   0x08005ccc   0x00000160   Code   RO         3799    i.xQueueGenericSend  queue.o
    0x08005e2c   0x08005e2c   0x000000be   Code   RO         3800    i.xQueueGenericSendFromISR  queue.o
    0x08005eea   0x08005eea   0x00000002   PAD
    0x08005eec   0x08005eec   0x00000138   Code   RO         3809    i.xQueueReceive     queue.o
    0x08006024   0x08006024   0x00000074   Code   RO         4220    i.xTaskCheckForTimeOut  tasks.o
    0x08006098   0x08006098   0x0000005a   Code   RO         4221    i.xTaskCreate       tasks.o
    0x080060f2   0x080060f2   0x00000056   Code   RO         4222    i.xTaskCreateStatic  tasks.o
    0x08006148   0x08006148   0x0000001c   Code   RO         4226    i.xTaskGetSchedulerState  tasks.o
    0x08006164   0x08006164   0x0000000c   Code   RO         4227    i.xTaskGetTickCount  tasks.o
    0x08006170   0x08006170   0x00000010   Code   RO         4228    i.xTaskGetTickCountFromISR  tasks.o
    0x08006180   0x08006180   0x000000c8   Code   RO         4229    i.xTaskIncrementTick  tasks.o
    0x08006248   0x08006248   0x00000080   Code   RO         4232    i.xTaskPriorityDisinherit  tasks.o
    0x080062c8   0x080062c8   0x00000070   Code   RO         4234    i.xTaskRemoveFromEventList  tasks.o
    0x08006338   0x08006338   0x000000c4   Code   RO         4235    i.xTaskResumeAll    tasks.o
    0x080063fc   0x080063fc   0x00000060   Code   RO         4560    i.xTimerCreateTimerTask  timers.o
    0x0800645c   0x0800645c   0x00000068   Code   RO         4561    i.xTimerGenericCommand  timers.o
    0x080064c4   0x080064c4   0x0000000a   Code   RO         5775    x$fpl$fpinit        fz_wm.l(fpinit.o)
    0x080064ce   0x080064ce   0x00000000   Code   RO         5651    x$fpl$usenofp       fz_wm.l(usenofp.o)
    0x080064ce   0x080064ce   0x00000002   PAD
    0x080064d0   0x080064d0   0x0000006c   Data   RO          249    .constdata          freertos.o
    0x0800653c   0x0800653c   0x00000010   Data   RO         3572    .constdata          system_stm32f4xx.o
    0x0800654c   0x0800654c   0x00000008   Data   RO         3573    .constdata          system_stm32f4xx.o
    0x08006554   0x08006554   0x00000004   Data   RO         5556    .constdata          lu9685.o
    0x08006558   0x08006558   0x00000024   Data   RO          250    .conststring        freertos.o
    0x0800657c   0x0800657c   0x00000020   Data   RO         5833    Region$$Table       anon$$obj.o


    Execution Region RW_IRAM1 (Exec base: 0x20000000, Load base: 0x0800659c, Size: 0x000052d0, Max: 0x0001c000, ABSOLUTE)

    Exec Addr    Load Addr    Size         Type   Attr      Idx    E Section Name        Object

    0x20000000   0x0800659c   0x0000000c   Data   RW          251    .data               freertos.o
    0x2000000c   0x080065a8   0x0000000c   Data   RW         2521    .data               stm32f4xx_hal.o
    0x20000018   0x080065b4   0x00000004   Data   RW         3574    .data               system_stm32f4xx.o
    0x2000001c   0x080065b8   0x0000003c   Data   RW         4238    .data               tasks.o
    0x20000058   0x080065f4   0x00000014   Data   RW         4569    .data               timers.o
    0x2000006c   0x08006608   0x00000004   Data   RW         4794    .data               cmsis_os2.o
    0x20000070   0x0800660c   0x00000020   Data   RW         5240    .data               heap_4.o
    0x20000090   0x0800662c   0x0000000c   Data   RW         5296    .data               port.o
    0x2000009c   0x08006638   0x00000020   Data   RW         5380    .data               motor.o
    0x200000bc   0x08006658   0x0000003c   Data   RW         5484    .data               mpu6050.o
    0x200000f8        -       0x00000054   Zero   RW          307    .bss                i2c.o
    0x2000014c        -       0x00000120   Zero   RW          357    .bss                tim.o
    0x2000026c        -       0x00000048   Zero   RW          439    .bss                usart.o
    0x200002b4        -       0x00000048   Zero   RW          593    .bss                stm32f4xx_hal_timebase_tim.o
    0x200002fc        -       0x00000040   Zero   RW         3813    .bss                queue.o
    0x2000033c        -       0x000004c4   Zero   RW         4237    .bss                tasks.o
    0x20000800        -       0x00000118   Zero   RW         4568    .bss                timers.o
    0x20000918        -       0x000006b8   Zero   RW         4793    .bss                cmsis_os2.o
    0x20000fd0        -       0x00003c00   Zero   RW         5239    .bss                heap_4.o
    0x20004bd0        -       0x0000009c   Zero   RW         5379    .bss                motor.o
    0x20004c6c        -       0x00000060   Zero   RW         5691    .bss                c_w.l(libspace.o)
    0x20004ccc   0x08006694   0x00000004   PAD
    0x20004cd0        -       0x00000200   Zero   RW            2    HEAP                startup_stm32f407xx.o
    0x20004ed0        -       0x00000400   Zero   RW            1    STACK               startup_stm32f407xx.o


    Execution Region RW_IRAM2 (Exec base: 0x2001c000, Load base: 0x08006694, Size: 0x00000000, Max: 0x00004000, ABSOLUTE)

    **** No section assigned to this execution region ****


==============================================================================

Image component sizes


      Code (inc. data)   RO Data    RW Data    ZI Data      Debug   Object Name

       340         22          0          4       1720      65734   cmsis_os2.o
         0          0          0          0          0      19432   event_groups.o
       152         22        144         12          0       2987   freertos.o
       156          8          0          0          0       1011   gpio.o
       472         24          0         32      15360       4827   heap_4.o
       200         26          0          0         84       1669   i2c.o
       138          0          0          0          0       3506   list.o
       452         20          4          0          0       3098   lu9685.o
       556         88          0          0          0     712388   main.o
      2030        188          0         32        156      10721   motor.o
       848         78          0         60          0       5287   mpu6050.o
       786         82          0         12          0      11417   port.o
      1514         20          0          0         64      17316   queue.o
        64         26        392          0       1536        836   startup_stm32f407xx.o
       116         18          0         12          0       8674   stm32f4xx_hal.o
       158         14          0          0          0      33002   stm32f4xx_hal_cortex.o
       188          0          0          0          0       2658   stm32f4xx_hal_dma.o
       506         46          0          0          0       2168   stm32f4xx_hal_gpio.o
      5532         92          0          0          0      33280   stm32f4xx_hal_i2c.o
        56          4          0          0          0        854   stm32f4xx_hal_msp.o
      1412         86          0          0          0       5865   stm32f4xx_hal_rcc.o
      1810        136          0          0          0      13911   stm32f4xx_hal_tim.o
       232         28          0          0          0       3269   stm32f4xx_hal_tim_ex.o
       152         20          0          0         72       1459   stm32f4xx_hal_timebase_tim.o
      1576         14          0          0          0      10448   stm32f4xx_hal_uart.o
        72         30          0          0          0       5051   stm32f4xx_it.o
         0          0          0          0          0        400   stream_buffer.o
        16          4         24          4          0       1103   system_stm32f4xx.o
      2100        172          0         60       1220      27359   tasks.o
       808         80          0          0        288       5603   tim.o
       972         80          0         20        280      32031   timers.o
       180         22          0          0         72       1694   usart.o

    ----------------------------------------------------------------------
     23652       1450        596        248      20852    1049058   Object Totals
         0          0         32          0          0          0   (incl. Generated)
        58          0          0          0          0          0   (incl. Padding)

    ----------------------------------------------------------------------

      Code (inc. data)   RO Data    RW Data    ZI Data      Debug   Library Member Name

         8          0          0          0          0         68   __main.o
         0          0          0          0          0          0   __rtentry.o
        12          0          0          0          0          0   __rtentry2.o
         6          0          0          0          0          0   __rtentry4.o
        52          8          0          0          0          0   __scatter.o
        26          0          0          0          0          0   __scatter_copy.o
        28          0          0          0          0          0   __scatter_zi.o
        22          0          0          0          0        100   _rserrno.o
        16          0          0          0          0         68   aeabi_memset.o
        18          0          0          0          0         80   exit.o
         6          0          0          0          0        152   heapauxi.o
         0          0          0          0          0          0   indicate_semi.o
         2          0          0          0          0          0   libinit.o
         6          0          0          0          0          0   libinit2.o
         2          0          0          0          0          0   libshutdown.o
         2          0          0          0          0          0   libshutdown2.o
         8          4          0          0         96         68   libspace.o
       238          0          0          0          0        100   lludivv7m.o
         8          4          0          0          0         68   rt_errno_addr_intlibspace.o
        68          0          0          0          0         68   rt_memclr.o
        78          0          0          0          0         80   rt_memclr_w.o
       138          0          0          0          0         68   rt_memcpy_v6.o
       100          0          0          0          0         80   rt_memcpy_w.o
         2          0          0          0          0          0   rtexit.o
        10          0          0          0          0          0   rtexit2.o
        12          4          0          0          0         68   sys_exit.o
        74          0          0          0          0         80   sys_stackheap_outer.o
         2          0          0          0          0         68   use_no_semi.o
        10          0          0          0          0        116   fpinit.o
         0          0          0          0          0          0   usenofp.o
       684         90          0          0          0        208   atan2f.o
        38          0          0          0          0        116   fpclassifyf.o
        22          6          0          0          0        232   funder.o
        58          0          0          0          0        136   sqrtf.o

    ----------------------------------------------------------------------
      1764        116          0          0        100       2024   Library Totals
         8          0          0          0          4          0   (incl. Padding)

    ----------------------------------------------------------------------

      Code (inc. data)   RO Data    RW Data    ZI Data      Debug   Library Name

       944         20          0          0         96       1216   c_w.l
        10          0          0          0          0        116   fz_wm.l
       802         96          0          0          0        692   m_wm.l

    ----------------------------------------------------------------------
      1764        116          0          0        100       2024   Library Totals

    ----------------------------------------------------------------------

==============================================================================


      Code (inc. data)   RO Data    RW Data    ZI Data      Debug   

     25416       1566        596        248      20952    1029510   Grand Totals
     25416       1566        596        248      20952    1029510   ELF Image Totals
     25416       1566        596        248          0          0   ROM Totals

==============================================================================

    Total RO  Size (Code + RO Data)                26012 (  25.40kB)
    Total RW  Size (RW Data + ZI Data)             21200 (  20.70kB)
    Total ROM Size (Code + RO Data + RW Data)      26260 (  25.64kB)

==============================================================================

